<html>
<body>
<pre>
<h1>µVision Build Log</h1>
<h2>Tool Versions:</h2>
IDE-Version: ¦ÌVision V5.18.0.0
Copyright (C) 2016 ARM Ltd and ARM Germany GmbH. All rights reserved.
License Information: Ëû Y, µÄ, LIC=SDA0P-MVTIM-56RQ2-92XGX-YSS42-6JYL0
 
Tool Versions:
Toolchain:       MDK-ARM Standard  Version: 5.18
Toolchain Path:  D:\keilMDK\ARM\ARMCC\Bin
C Compiler:      Armcc.exe V5.06 update 1 (build 61)
Assembler:       Armasm.exe V5.06 update 1 (build 61)
Linker/Locator:  ArmLink.exe V5.06 update 1 (build 61)
Library Manager: ArmAr.exe V5.06 update 1 (build 61)
Hex Converter:   FromElf.exe V5.06 update 1 (build 61)
CPU DLL:         SARMCM3.DLL V5.18
Dialog DLL:      DCM.DLL V1.13.6.0
Target DLL:      Segger\JL2CM3.dll V2.99.18.0
Dialog DLL:      TCM.DLL V1.14.8.0
 
<h2>Project:</h2>
D:\HG\Code\STM32F1_SSD1306_IIC_u8g2-main\STM32F1_SSD1306_IIC-main\dma-i2c-oled.uvprojx
Project File Date:  02/13/2023

<h2>Output:</h2>
*** Using Compiler 'V5.06 update 4 (build 422)', folder: 'D:\keilMDK\ARM\ARMCC\Bin'
Rebuild target 'Target 1'
assembling startup_stm32f10x_md.s...
compiling misc.c...
compiling stm32f10x_gpio.c...
compiling stm32f10x_dma.c...
compiling stm32f10x_usart.c...
compiling core_cm3.c...
compiling stm32f10x_rcc.c...
compiling uart.c...
compiling stm32f10x_i2c.c...
compiling stm32f10x_it.c...
compiling system_stm32f10x.c...
compiling ctrl.c...
compiling main.c...
compiling oled.c...
compiling u8g2_box.c...
compiling u8g2_bitmap.c...
compiling u8g2_circle.c...
compiling u8g2_cleardisplay.c...
compiling u8g2_button.c...
compiling u8g2_buffer.c...
compiling u8g2_font.c...
compiling u8g2_intersection.c...
compiling u8g2_line.c...
compiling u8g2_hvline.c...
compiling u8g2_ll_hvline.c...
compiling u8g2_kerning.c...
compiling u8g2_input_value.c...
compiling u8g2_polygon.c...
compiling u8g2_message.c...
compiling u8x8_8x8.c...
compiling u8x8_byte.c...
compiling u8g2_selection_list.c...
compiling u8g2_setup.c...
u8g2\u8g2_setup.c(469): warning:  #1-D: last line of file ends without a newline
    
u8g2\u8g2_setup.c: 1 warning, 0 errors
compiling u8x8_debounce.c...
compiling u8x8_cad.c...
compiling u8x8_capture.c...
u8g2\u8x8_capture.c(254): warning:  #1-D: last line of file ends without a newline
  #endif
u8g2\u8x8_capture.c: 1 warning, 0 errors
compiling u8x8_display.c...
u8g2\u8x8_display.c(203): warning:  #1-D: last line of file ends without a newline
  }
u8g2\u8x8_display.c: 1 warning, 0 errors
compiling u8x8_d_ssd1306_128x64_noname.c...
compiling u8x8_fonts.c...
compiling u8x8_selection_list.c...
compiling u8x8_message.c...
compiling u8x8_input_value.c...
compiling u8x8_setup.c...
compiling u8x8_gpio.c...
u8g2\u8x8_gpio.c(50): warning:  #1-D: last line of file ends without a newline
  */
u8g2\u8x8_gpio.c: 1 warning, 0 errors
compiling u8x8_u8toa.c...
compiling u8x8_u16toa.c...
u8g2\u8x8_u16toa.c(77): warning:  #1-D: last line of file ends without a newline
  }
u8g2\u8x8_u16toa.c: 1 warning, 0 errors
compiling u8x8_string.c...
compiling u8g2_fonts.c...
linking...
Program Size: Code=15112 RO-data=14072 RW-data=108 ZI-data=4036  
FromELF: creating hex file...
".\Objects\dma-i2c-oled.axf" - 0 Error(s), 5 Warning(s).

<h2>Collection of Component include folders:</h2>
  D:\HG\Code\STM32F1_SSD1306_IIC_u8g2-main\STM32F1_SSD1306_IIC-main\RTE
  D:\keilMDK\ARM\PACK\Keil\STM32F1xx_DFP\2.4.0\Device\Include

<h2>Collection of Component Files used:</h2>
Build Time Elapsed:  00:00:06
</pre>
</body>
</html>
