Component: ARM Compiler 5.06 update 1 (build 61) Tool: armlink [4d35a8]

==============================================================================

Section Cross References

    startup_stm32f10x_md.o(STACK) refers (Special) to heapauxi.o(.text) for __use_two_region_memory
    startup_stm32f10x_md.o(HEAP) refers (Special) to heapauxi.o(.text) for __use_two_region_memory
    startup_stm32f10x_md.o(RESET) refers (Special) to heapauxi.o(.text) for __use_two_region_memory
    startup_stm32f10x_md.o(RESET) refers to startup_stm32f10x_md.o(STACK) for __initial_sp
    startup_stm32f10x_md.o(RESET) refers to startup_stm32f10x_md.o(.text) for Reset_Handler
    startup_stm32f10x_md.o(RESET) refers to stm32f10x_it.o(i.NMI_Handler) for NMI_Handler
    startup_stm32f10x_md.o(RESET) refers to stm32f10x_it.o(i.HardFault_Handler) for HardFault_Handler
    startup_stm32f10x_md.o(RESET) refers to stm32f10x_it.o(i.MemManage_Handler) for MemManage_Handler
    startup_stm32f10x_md.o(RESET) refers to stm32f10x_it.o(i.BusFault_Handler) for BusFault_Handler
    startup_stm32f10x_md.o(RESET) refers to stm32f10x_it.o(i.UsageFault_Handler) for UsageFault_Handler
    startup_stm32f10x_md.o(RESET) refers to stm32f10x_it.o(i.SVC_Handler) for SVC_Handler
    startup_stm32f10x_md.o(RESET) refers to stm32f10x_it.o(i.DebugMon_Handler) for DebugMon_Handler
    startup_stm32f10x_md.o(RESET) refers to stm32f10x_it.o(i.PendSV_Handler) for PendSV_Handler
    startup_stm32f10x_md.o(RESET) refers to ctrl.o(i.SysTick_Handler) for SysTick_Handler
    startup_stm32f10x_md.o(RESET) refers to oled.o(i.DMA1_Channel6_IRQHandler) for DMA1_Channel6_IRQHandler
    startup_stm32f10x_md.o(RESET) refers to uart.o(i.USART1_IRQHandler) for USART1_IRQHandler
    startup_stm32f10x_md.o(RESET) refers to uart.o(i.USART3_IRQHandler) for USART3_IRQHandler
    startup_stm32f10x_md.o(.text) refers (Special) to heapauxi.o(.text) for __use_two_region_memory
    startup_stm32f10x_md.o(.text) refers to system_stm32f10x.o(i.SystemInit) for SystemInit
    startup_stm32f10x_md.o(.text) refers to __main.o(!!!main) for __main
    startup_stm32f10x_md.o(.text) refers to startup_stm32f10x_md.o(HEAP) for Heap_Mem
    startup_stm32f10x_md.o(.text) refers to startup_stm32f10x_md.o(STACK) for Stack_Mem
    stm32f10x_rcc.o(i.RCC_GetClocksFreq) refers to stm32f10x_rcc.o(.data) for .data
    stm32f10x_rcc.o(i.RCC_WaitForHSEStartUp) refers to stm32f10x_rcc.o(i.RCC_GetFlagStatus) for RCC_GetFlagStatus
    stm32f10x_usart.o(i.USART_DeInit) refers to stm32f10x_rcc.o(i.RCC_APB2PeriphResetCmd) for RCC_APB2PeriphResetCmd
    stm32f10x_usart.o(i.USART_DeInit) refers to stm32f10x_rcc.o(i.RCC_APB1PeriphResetCmd) for RCC_APB1PeriphResetCmd
    stm32f10x_usart.o(i.USART_Init) refers to stm32f10x_rcc.o(i.RCC_GetClocksFreq) for RCC_GetClocksFreq
    stm32f10x_gpio.o(i.GPIO_AFIODeInit) refers to stm32f10x_rcc.o(i.RCC_APB2PeriphResetCmd) for RCC_APB2PeriphResetCmd
    stm32f10x_gpio.o(i.GPIO_DeInit) refers to stm32f10x_rcc.o(i.RCC_APB2PeriphResetCmd) for RCC_APB2PeriphResetCmd
    stm32f10x_i2c.o(i.I2C_DeInit) refers to stm32f10x_rcc.o(i.RCC_APB1PeriphResetCmd) for RCC_APB1PeriphResetCmd
    stm32f10x_i2c.o(i.I2C_Init) refers to stm32f10x_rcc.o(i.RCC_GetClocksFreq) for RCC_GetClocksFreq
    oled.o(i.DMA1_Channel6_IRQHandler) refers to stm32f10x_dma.o(i.DMA_GetITStatus) for DMA_GetITStatus
    oled.o(i.DMA1_Channel6_IRQHandler) refers to stm32f10x_i2c.o(i.I2C_GetFlagStatus) for I2C_GetFlagStatus
    oled.o(i.DMA1_Channel6_IRQHandler) refers to stm32f10x_i2c.o(i.I2C_GenerateSTOP) for I2C_GenerateSTOP
    oled.o(i.DMA1_Channel6_IRQHandler) refers to stm32f10x_i2c.o(i.I2C_DMACmd) for I2C_DMACmd
    oled.o(i.DMA1_Channel6_IRQHandler) refers to stm32f10x_dma.o(i.DMA_Cmd) for DMA_Cmd
    oled.o(i.DMA1_Channel6_IRQHandler) refers to stm32f10x_dma.o(i.DMA_ClearFlag) for DMA_ClearFlag
    oled.o(i.DMA1_Channel6_IRQHandler) refers to oled.o(i.OLED_Refresh_Gram) for OLED_Refresh_Gram
    oled.o(i.DMA1_Channel6_IRQHandler) refers to stm32f10x_dma.o(i.DMA_DeInit) for DMA_DeInit
    oled.o(i.DMA1_Channel6_IRQHandler) refers to oled.o(.data) for .data
    oled.o(i.OLED_CNZH_Example) refers to oled.o(i.OLED_DrawString) for OLED_DrawString
    oled.o(i.OLED_Clear) refers to oled.o(i.OLED_SetPos) for OLED_SetPos
    oled.o(i.OLED_Clear) refers to oled.o(i.OLED_send_data) for OLED_send_data
    oled.o(i.OLED_Clear_Gram) refers to rt_memclr_w.o(.text) for __aeabi_memclr4
    oled.o(i.OLED_Clear_Gram) refers to oled.o(.bss) for .bss
    oled.o(i.OLED_Continuous_Refresh_Start) refers to oled.o(i.OLED_Refresh_Gram) for OLED_Refresh_Gram
    oled.o(i.OLED_Continuous_Refresh_Start) refers to oled.o(.data) for .data
    oled.o(i.OLED_Continuous_Refresh_Stop) refers to oled.o(.data) for .data
    oled.o(i.OLED_DMAConfig) refers to stm32f10x_dma.o(i.DMA_Init) for DMA_Init
    oled.o(i.OLED_DMAConfig) refers to stm32f10x_dma.o(i.DMA_ITConfig) for DMA_ITConfig
    oled.o(i.OLED_DMAConfig) refers to oled.o(.bss) for .bss
[...]
    .ARM.Collect$$rtentry$$00000004          0x08000186   Section        6  __rtentry4.o(.ARM.Collect$$rtentry$$00000004)
    .ARM.Collect$$rtentry$$00000009          0x0800018c   Section        0  __rtentry2.o(.ARM.Collect$$rtentry$$00000009)
    .ARM.Collect$$rtentry$$0000000A          0x0800018c   Section        4  __rtentry2.o(.ARM.Collect$$rtentry$$0000000A)
    .ARM.Collect$$rtentry$$0000000C          0x08000190   Section        0  __rtentry2.o(.ARM.Collect$$rtentry$$0000000C)
    .ARM.Collect$$rtentry$$0000000D          0x08000190   Section        8  __rtentry2.o(.ARM.Collect$$rtentry$$0000000D)
    .ARM.Collect$$rtexit$$00000000           0x08000198   Section        2  rtexit.o(.ARM.Collect$$rtexit$$00000000)
    .ARM.Collect$$rtexit$$00000002           0x0800019a   Section        0  rtexit2.o(.ARM.Collect$$rtexit$$00000002)
    .ARM.Collect$$rtexit$$00000003           0x0800019a   Section        4  rtexit2.o(.ARM.Collect$$rtexit$$00000003)
    .ARM.Collect$$rtexit$$00000004           0x0800019e   Section        6  rtexit2.o(.ARM.Collect$$rtexit$$00000004)
    .emb_text                                0x080001a4   Section       52  rand.o(.emb_text)
    .text                                    0x080001d8   Section       64  startup_stm32f10x_md.o(.text)
    .text                                    0x08000218   Section        2  use_no_semi_2.o(.text)
    .text                                    0x0800021c   Section        0  noretval__2printf.o(.text)
    .text                                    0x08000234   Section        0  noretval__2sprintf.o(.text)
    .text                                    0x0800025c   Section        0  _printf_pad.o(.text)
    .text                                    0x080002aa   Section        0  __printf_wp.o(.text)
    .text                                    0x080003b8   Section        0  rand.o(.text)
    .text                                    0x080003f4   Section       78  rt_memclr_w.o(.text)
    .text                                    0x08000442   Section        0  heapauxi.o(.text)
    .text                                    0x08000448   Section        2  use_no_semi.o(.text)
    .text                                    0x0800044a   Section        0  _printf_fp_dec.o(.text)
    _fp_digits                               0x0800044d   Thumb Code   428  _printf_fp_dec.o(.text)
    .text                                    0x08000864   Section        0  _printf_char_common.o(.text)
    _printf_input_char                       0x08000865   Thumb Code    10  _printf_char_common.o(.text)
    .text                                    0x08000894   Section        0  _sputc.o(.text)
    .text                                    0x080008a0   Section        0  _printf_char_file.o(.text)
    .text                                    0x080008c4   Section        8  rt_locale_intlibspace.o(.text)
    .text                                    0x080008cc   Section      138  lludiv10.o(.text)
    .text                                    0x08000958   Section        0  _printf_fp_infnan.o(.text)
    .text                                    0x080009d8   Section        0  bigflt0.o(.text)
    .text                                    0x08000ab4   Section        8  libspace.o(.text)
    .text                                    0x08000abc   Section       74  sys_stackheap_outer.o(.text)
    .text                                    0x08000b06   Section        0  exit.o(.text)
    .text                                    0x08000b18   Section      128  strcmpv7m.o(.text)
    CL$$btod_d2e                             0x08000b98   Section       62  btod.o(CL$$btod_d2e)
    CL$$btod_d2e_denorm_low                  0x08000bd6   Section       70  btod.o(CL$$btod_d2e_denorm_low)
    CL$$btod_d2e_norm_op1                    0x08000c1c   Section       96  btod.o(CL$$btod_d2e_norm_op1)
    CL$$btod_div_common                      0x08000c7c   Section      824  btod.o(CL$$btod_div_common)
    CL$$btod_e2e                             0x08000fb4   Section      198  btod.o(CL$$btod_e2e)
    CL$$btod_ediv                            0x0800107a   Section       40  btod.o(CL$$btod_ediv)
    CL$$btod_emul                            0x080010a2   Section       40  btod.o(CL$$btod_emul)
    CL$$btod_mult_common                     0x080010ca   Section      580  btod.o(CL$$btod_mult_common)
    i.BusFault_Handler                       0x0800130e   Section        0  stm32f10x_it.o(i.BusFault_Handler)
    i.Clock_Init                             0x08001310   Section        0  main.o(i.Clock_Init)
    i.DMA1_Channel6_IRQHandler               0x08001360   Section        0  oled.o(i.DMA1_Channel6_IRQHandler)
    i.DMA_ClearFlag                          0x0800142c   Section        0  stm32f10x_dma.o(i.DMA_ClearFlag)
    i.DMA_Cmd                                0x08001444   Section        0  stm32f10x_dma.o(i.DMA_Cmd)
    i.DMA_DeInit                             0x08001460   Section        0  stm32f10x_dma.o(i.DMA_DeInit)
    i.DMA_GetITStatus                        0x08001558   Section        0  stm32f10x_dma.o(i.DMA_GetITStatus)
    i.DMA_ITConfig                           0x0800157c   Section        0  stm32f10x_dma.o(i.DMA_ITConfig)
    i.DMA_Init                               0x08001590   Section        0  stm32f10x_dma.o(i.DMA_Init)
    i.DebugMon_Handler                       0x080015ca   Section        0  stm32f10x_it.o(i.DebugMon_Handler)
    i.GPIO_Init                              0x080015cc   Section        0  stm32f10x_gpio.o(i.GPIO_Init)
    i.GPIO_PinRemapConfig                    0x08001674   Section        0  stm32f10x_gpio.o(i.GPIO_PinRemapConfig)
    i.HardFault_Handler                      0x080016d0   Section        0  stm32f10x_it.o(i.HardFault_Handler)
    i.I2C_CheckEvent                         0x080016d2   Section        0  stm32f10x_i2c.o(i.I2C_CheckEvent)
    i.I2C_Cmd                                0x080016ea   Section        0  stm32f10x_i2c.o(i.I2C_Cmd)
    i.I2C_DMACmd                             0x08001702   Section        0  stm32f10x_i2c.o(i.I2C_DMACmd)
    i.I2C_GenerateSTART                      0x0800171a   Section        0  stm32f10x_i2c.o(i.I2C_GenerateSTART)
    i.I2C_GenerateSTOP                       0x08001732   Section        0  stm32f10x_i2c.o(i.I2C_GenerateSTOP)
    i.I2C_GetFlagStatus                      0x0800174a   Section        0  stm32f10x_i2c.o(i.I2C_GetFlagStatus)
    i.I2C_Init                               0x0800177c   Section        0  stm32f10x_i2c.o(i.I2C_Init)
    i.I2C_Send7bitAddress                    0x0800183c   Section        0  stm32f10x_i2c.o(i.I2C_Send7bitAddress)
    i.I2C_SendData                           0x0800184e   Section        0  stm32f10x_i2c.o(i.I2C_SendData)
    i.Interrpt_Init                          0x08001852   Section        0  main.o(i.Interrpt_Init)
    i.MemManage_Handler                      0x080018b4   Section        0  stm32f10x_it.o(i.MemManage_Handler)
    i.NMI_Handler                            0x080018b6   Section        0  stm32f10x_it.o(i.NMI_Handler)
    i.NVIC_Init                              0x080018b8   Section        0  misc.o(i.NVIC_Init)
    i.NVIC_PriorityGroupConfig               0x0800191c   Section        0  misc.o(i.NVIC_PriorityGroupConfig)
    i.NVIC_SetPriority                       0x08001930   Section        0  main.o(i.NVIC_SetPriority)
    NVIC_SetPriority                         0x08001931   Thumb Code    32  main.o(i.NVIC_SetPriority)
    i.OLED_CNZH_Example                      0x08001950   Section        0  oled.o(i.OLED_CNZH_Example)
    i.OLED_Clear                             0x08001a04   Section        0  oled.o(i.OLED_Clear)
    i.OLED_Clear_Gram                        0x08001a30   Section        0  oled.o(i.OLED_Clear_Gram)
    i.OLED_Continuous_Refresh_Start          0x08001a40   Section        0  oled.o(i.OLED_Continuous_Refresh_Start)
    i.OLED_DMAConfig                         0x08001a50   Section        0  oled.o(i.OLED_DMAConfig)
    i.OLED_DrawASCIIChar                     0x08001aa0   Section        0  oled.o(i.OLED_DrawASCIIChar)
    i.OLED_DrawByte                          0x08001b80   Section        0  oled.o(i.OLED_DrawByte)
    i.OLED_DrawCNZHString                    0x08001bf4   Section        0  oled.o(i.OLED_DrawCNZHString)
    i.OLED_DrawPoint                         0x08001cc0   Section        0  oled.o(i.OLED_DrawPoint)
    i.OLED_DrawString                        0x08001d00   Section        0  oled.o(i.OLED_DrawString)
    i.OLED_Example_Loop                      0x08001d8c   Section        0  oled.o(i.OLED_Example_Loop)
    i.OLED_Frame_Example                     0x08001e00   Section        0  oled.o(i.OLED_Frame_Example)
    i.OLED_Init                              0x08001f38   Section        0  oled.o(i.OLED_Init)
    i.OLED_Refresh_Gram                      0x08001fc0   Section        0  oled.o(i.OLED_Refresh_Gram)
    i.OLED_SetPos                            0x08002104   Section        0  oled.o(i.OLED_SetPos)
    i.OLED_Simulated_Noise_Example           0x08002138   Section        0  oled.o(i.OLED_Simulated_Noise_Example)
    i.OLED_U8G2_Draw_Example                 0x080021d0   Section        0  oled.o(i.OLED_U8G2_Draw_Example)
    i.OLED_U8G2_Init                         0x080022bc   Section        0  oled.o(i.OLED_U8G2_Init)
    i.OLED_send_cmd                          0x08002300   Section        0  oled.o(i.OLED_send_cmd)
    i.OLED_send_data                         0x08002404   Section        0  oled.o(i.OLED_send_data)
    i.OLED_u8x8_empty_cb                     0x08002508   Section        0  oled.o(i.OLED_u8x8_empty_cb)
    i.PendSV_Handler                         0x0800250c   Section        0  stm32f10x_it.o(i.PendSV_Handler)
    i.RCC_AHBPeriphClockCmd                  0x08002510   Section        0  stm32f10x_rcc.o(i.RCC_AHBPeriphClockCmd)
    i.RCC_APB1PeriphClockCmd                 0x0800252c   Section        0  stm32f10x_rcc.o(i.RCC_APB1PeriphClockCmd)
    i.RCC_APB2PeriphClockCmd                 0x08002548   Section        0  stm32f10x_rcc.o(i.RCC_APB2PeriphClockCmd)
    i.RCC_GetClocksFreq                      0x08002564   Section        0  stm32f10x_rcc.o(i.RCC_GetClocksFreq)
    i.SVC_Handler                            0x08002610   Section        0  stm32f10x_it.o(i.SVC_Handler)
    i.SetSysClock                            0x08002612   Section        0  system_stm32f10x.o(i.SetSysClock)
    SetSysClock                              0x08002613   Thumb Code     4  system_stm32f10x.o(i.SetSysClock)
    i.SetSysClockTo72                        0x08002618   Section        0  system_stm32f10x.o(i.SetSysClockTo72)
    SetSysClockTo72                          0x08002619   Thumb Code   166  system_stm32f10x.o(i.SetSysClockTo72)
    i.SysTick_Handler                        0x080026c8   Section        0  ctrl.o(i.SysTick_Handler)
    i.SystemInit                             0x080026d8   Section        0  system_stm32f10x.o(i.SystemInit)
    i.UART1_Init                             0x08002728   Section        0  uart.o(i.UART1_Init)
    i.UART3_Init                             0x080027a4   Section        0  uart.o(i.UART3_Init)
    i.USART1_IRQHandler                      0x08002820   Section        0  uart.o(i.USART1_IRQHandler)
    i.USART3_IRQHandler                      0x08002868   Section        0  uart.o(i.USART3_IRQHandler)
    i.USART_ClearITPendingBit                0x080028b0   Section        0  stm32f10x_usart.o(i.USART_ClearITPendingBit)
    i.USART_Cmd                              0x080028c0   Section        0  stm32f10x_usart.o(i.USART_Cmd)
    i.USART_GetITStatus                      0x080028d8   Section        0  stm32f10x_usart.o(i.USART_GetITStatus)
    i.USART_ITConfig                         0x08002918   Section        0  stm32f10x_usart.o(i.USART_ITConfig)
    i.USART_Init                             0x08002950   Section        0  stm32f10x_usart.o(i.USART_Init)
    i.USART_ReceiveData                      0x08002a0c   Section        0  stm32f10x_usart.o(i.USART_ReceiveData)
    i.UsageFault_Handler                     0x08002a14   Section        0  stm32f10x_it.o(i.UsageFault_Handler)
    i.__ARM_fpclassify                       0x08002a16   Section        0  fpclassify.o(i.__ARM_fpclassify)
    i._is_digit                              0x08002a3e   Section        0  __printf_wp.o(i._is_digit)
    i._sys_exit                              0x08002a4c   Section        0  uart.o(i._sys_exit)
    i.ferror                                 0x08002a4e   Section        0  uart.o(i.ferror)
    i.fputc                                  0x08002a54   Section        0  uart.o(i.fputc)
    i.main                                   0x08002a6c   Section        0  main.o(i.main)
    i.u8g2_DrawGlyph                         0x08002b50   Section        0  u8g2_font.o(i.u8g2_DrawGlyph)
    i.u8g2_DrawHLine                         0x08002bb0   Section        0  u8g2_hvline.o(i.u8g2_DrawHLine)
    i.u8g2_DrawHVLine                        0x08002bbc   Section        0  u8g2_hvline.o(i.u8g2_DrawHVLine)
    i.u8g2_DrawStr                           0x08002c6c   Section        0  u8g2_font.o(i.u8g2_DrawStr)
    i.u8g2_DrawVLine                         0x08002c7c   Section        0  u8g2_hvline.o(i.u8g2_DrawVLine)
    i.u8g2_IsIntersection                    0x08002c88   Section        0  u8g2_intersection.o(i.u8g2_IsIntersection)
    i.u8g2_SetFont                           0x08002cb6   Section        0  u8g2_font.o(i.u8g2_SetFont)
    i.u8g2_SetFontDirection                  0x08002cd6   Section        0  u8g2_font.o(i.u8g2_SetFontDirection)
    i.u8g2_SetFontMode                       0x08002cdc   Section        0  u8g2_font.o(i.u8g2_SetFontMode)
    i.u8g2_SetFontPosBaseline                0x08002ce4   Section        0  u8g2_font.o(i.u8g2_SetFontPosBaseline)
    i.u8g2_SetMaxClipWindow                  0x08002cf0   Section        0  u8g2_setup.o(i.u8g2_SetMaxClipWindow)
    i.u8g2_SetupBuffer                       0x08002d08   Section        0  u8g2_setup.o(i.u8g2_SetupBuffer)
    i.u8g2_UpdateRefHeight                   0x08002d4e   Section        0  u8g2_font.o(i.u8g2_UpdateRefHeight)
    i.u8g2_add_vector_x                      0x08002da4   Section        0  u8g2_font.o(i.u8g2_add_vector_x)
    i.u8g2_add_vector_y                      0x08002dc8   Section        0  u8g2_font.o(i.u8g2_add_vector_y)
    i.u8g2_apply_clip_window                 0x08002dec   Section        0  u8g2_setup.o(i.u8g2_apply_clip_window)
    u8g2_apply_clip_window                   0x08002ded   Thumb Code   106  u8g2_setup.o(i.u8g2_apply_clip_window)
    i.u8g2_clip_intersection2                0x08002e56   Section        0  u8g2_hvline.o(i.u8g2_clip_intersection2)
    u8g2_clip_intersection2                  0x08002e57   Thumb Code    64  u8g2_hvline.o(i.u8g2_clip_intersection2)
    i.u8g2_draw_hv_line_2dir                 0x08002e96   Section        0  u8g2_hvline.o(i.u8g2_draw_hv_line_2dir)
    i.u8g2_draw_l90_r0                       0x08002ea8   Section        0  u8g2_setup.o(i.u8g2_draw_l90_r0)
    i.u8g2_draw_string                       0x08002eb4   Section        0  u8g2_font.o(i.u8g2_draw_string)
    u8g2_draw_string                         0x08002eb5   Thumb Code   114  u8g2_font.o(i.u8g2_draw_string)
    i.u8g2_font_calc_vref_font               0x08002f26   Section        0  u8g2_font.o(i.u8g2_font_calc_vref_font)
    i.u8g2_font_decode_get_signed_bits       0x08002f2a   Section        0  u8g2_font.o(i.u8g2_font_decode_get_signed_bits)
    i.u8g2_font_decode_get_unsigned_bits     0x08002f40   Section        0  u8g2_font.o(i.u8g2_font_decode_get_unsigned_bits)
    i.u8g2_font_decode_glyph                 0x08002f74   Section        0  u8g2_font.o(i.u8g2_font_decode_glyph)
    i.u8g2_font_decode_len                   0x080030ac   Section        0  u8g2_font.o(i.u8g2_font_decode_len)
    i.u8g2_font_draw_glyph                   0x08003148   Section        0  u8g2_font.o(i.u8g2_font_draw_glyph)
    u8g2_font_draw_glyph                     0x08003149   Thumb Code    38  u8g2_font.o(i.u8g2_font_draw_glyph)
    i.u8g2_font_get_byte                     0x0800316e   Section        0  u8g2_font.o(i.u8g2_font_get_byte)
    u8g2_font_get_byte                       0x0800316f   Thumb Code     6  u8g2_font.o(i.u8g2_font_get_byte)
    i.u8g2_font_get_glyph_data               0x08003174   Section        0  u8g2_font.o(i.u8g2_font_get_glyph_data)
    i.u8g2_font_get_word                     0x080031ec   Section        0  u8g2_font.o(i.u8g2_font_get_word)
    u8g2_font_get_word                       0x080031ed   Thumb Code    20  u8g2_font.o(i.u8g2_font_get_word)
    i.u8g2_font_setup_decode                 0x08003200   Section        0  u8g2_font.o(i.u8g2_font_setup_decode)
    u8g2_font_setup_decode                   0x08003201   Thumb Code    52  u8g2_font.o(i.u8g2_font_setup_decode)
    i.u8g2_is_intersection_decision_tree     0x08003234   Section        0  u8g2_intersection.o(i.u8g2_is_intersection_decision_tree)
    i.u8g2_ll_hvline_vertical_top_lsb        0x08003260   Section        0  u8g2_ll_hvline.o(i.u8g2_ll_hvline_vertical_top_lsb)
    i.u8g2_read_font_info                    0x080032f0   Section        0  u8g2_font.o(i.u8g2_read_font_info)
    i.u8g2_update_dimension_common           0x080033c0   Section        0  u8g2_setup.o(i.u8g2_update_dimension_common)
    u8g2_update_dimension_common             0x080033c1   Thumb Code    70  u8g2_setup.o(i.u8g2_update_dimension_common)
    i.u8g2_update_dimension_r0               0x08003406   Section        0  u8g2_setup.o(i.u8g2_update_dimension_r0)
    i.u8g2_update_page_win_r0                0x0800340a   Section        0  u8g2_setup.o(i.u8g2_update_page_win_r0)
    i.u8x8_Setup                             0x08003422   Section        0  u8x8_setup.o(i.u8x8_Setup)
    i.u8x8_SetupDefaults                     0x08003448   Section        0  u8x8_setup.o(i.u8x8_SetupDefaults)
    i.u8x8_SetupMemory                       0x08003470   Section        0  u8x8_display.o(i.u8x8_SetupMemory)
    i.u8x8_ascii_next                        0x08003480   Section        0  u8x8_8x8.o(i.u8x8_ascii_next)
    i.u8x8_cad_EndTransfer                   0x08003490   Section        0  u8x8_cad.o(i.u8x8_cad_EndTransfer)
    i.u8x8_cad_SendArg                       0x080034a0   Section        0  u8x8_cad.o(i.u8x8_cad_SendArg)
    i.u8x8_cad_SendCmd                       0x080034b0   Section        0  u8x8_cad.o(i.u8x8_cad_SendCmd)
    i.u8x8_cad_SendData                      0x080034c0   Section        0  u8x8_cad.o(i.u8x8_cad_SendData)
    i.u8x8_cad_SendSequence                  0x080034d0   Section        0  u8x8_cad.o(i.u8x8_cad_SendSequence)
    i.u8x8_cad_StartTransfer                 0x08003534   Section        0  u8x8_cad.o(i.u8x8_cad_StartTransfer)
    i.u8x8_d_helper_display_init             0x08003544   Section        0  u8x8_display.o(i.u8x8_d_helper_display_init)
    i.u8x8_d_helper_display_setup_memory     0x080035a6   Section        0  u8x8_display.o(i.u8x8_d_helper_display_setup_memory)
    i.u8x8_d_ssd1306_128x64_noname           0x080035b0   Section        0  u8x8_d_ssd1306_128x64_noname.o(i.u8x8_d_ssd1306_128x64_noname)
    i.u8x8_d_ssd1306_sh1106_generic          0x080035f4   Section        0  u8x8_d_ssd1306_128x64_noname.o(i.u8x8_d_ssd1306_sh1106_generic)
    u8x8_d_ssd1306_sh1106_generic            0x080035f5   Thumb Code   220  u8x8_d_ssd1306_128x64_noname.o(i.u8x8_d_ssd1306_sh1106_generic)
    i.u8x8_dummy_cb                          0x080036d4   Section        0  u8x8_setup.o(i.u8x8_dummy_cb)
    i.u8x8_gpio_call                         0x080036d8   Section        0  u8x8_gpio.o(i.u8x8_gpio_call)
    i.u8x8_utf8_init                         0x080036e4   Section        0  u8x8_8x8.o(i.u8x8_utf8_init)
    locale$$code                             0x080036ec   Section       44  lc_numeric_c.o(locale$$code)
    x$fpl$d2f                                0x08003718   Section       98  d2f.o(x$fpl$d2f)
    x$fpl$ddiv                               0x0800377c   Section      688  ddiv.o(x$fpl$ddiv)
    ddiv_entry                               0x08003783   Thumb Code     0  ddiv.o(x$fpl$ddiv)
    x$fpl$dflt                               0x08003a2c   Section       46  dflt_clz.o(x$fpl$dflt)
    x$fpl$dnaninf                            0x08003a5a   Section      156  dnaninf.o(x$fpl$dnaninf)
    x$fpl$dretinf                            0x08003af6   Section       12  dretinf.o(x$fpl$dretinf)
    x$fpl$f2d                                0x08003b04   Section       86  f2d.o(x$fpl$f2d)
    x$fpl$fnaninf                            0x08003b5a   Section      140  fnaninf.o(x$fpl$fnaninf)
    x$fpl$fretinf                            0x08003be6   Section       10  fretinf.o(x$fpl$fretinf)
    x$fpl$printf1                            0x08003bf0   Section        4  printf1.o(x$fpl$printf1)
    .constdata                               0x08003bf4   Section     2919  oled.o(.constdata)
    x$fpl$usenofp                            0x08003bf4   Section        0  usenofp.o(x$fpl$usenofp)
    .constdata                               0x0800475b   Section      723  u8g2_fonts.o(.constdata)
    .constdata                               0x08004a2e   Section     8821  u8g2_fonts.o(.constdata)
    .constdata                               0x08006ca3   Section      807  u8g2_fonts.o(.constdata)
    .constdata                               0x08006fcc   Section       12  u8g2_setup.o(.constdata)
    .constdata                               0x08006fd8   Section      344  u8x8_d_ssd1306_128x64_noname.o(.constdata)
    u8x8_d_ssd1306_128x64_noname_powersave0_seq 0x08006fd8   Data           5  u8x8_d_ssd1306_128x64_noname.o(.constdata)
    u8x8_d_ssd1306_128x64_noname_powersave1_seq 0x08006fdd   Data           5  u8x8_d_ssd1306_128x64_noname.o(.constdata)
    u8x8_d_ssd1306_128x64_noname_flip0_seq   0x08006fe2   Data           7  u8x8_d_ssd1306_128x64_noname.o(.constdata)
    u8x8_d_ssd1306_128x64_noname_flip1_seq   0x08006fe9   Data           7  u8x8_d_ssd1306_128x64_noname.o(.constdata)
    u8x8_d_ssd1312_128x64_noname_flip0_seq   0x08006ff0   Data           7  u8x8_d_ssd1306_128x64_noname.o(.constdata)
    u8x8_d_ssd1312_128x64_noname_flip1_seq   0x08006ff7   Data           7  u8x8_d_ssd1306_128x64_noname.o(.constdata)
    u8x8_d_ssd1306_128x64_noname_init_seq    0x08006ffe   Data          53  u8x8_d_ssd1306_128x64_noname.o(.constdata)
    u8x8_d_ssd1306_128x64_vcomh0_init_seq    0x08007033   Data          53  u8x8_d_ssd1306_128x64_noname.o(.constdata)
    u8x8_d_ssd1306_128x64_alt0_init_seq      0x08007068   Data          53  u8x8_d_ssd1306_128x64_noname.o(.constdata)
    u8x8_d_sh1106_128x64_winstar_init_seq    0x0800709d   Data          45  u8x8_d_ssd1306_128x64_noname.o(.constdata)
    u8x8_d_ssd1312_128x64_noname_init_seq    0x080070ca   Data          53  u8x8_d_ssd1306_128x64_noname.o(.constdata)
    u8x8_ssd1306_128x64_noname_display_info  0x08007100   Data          24  u8x8_d_ssd1306_128x64_noname.o(.constdata)
    u8x8_sh1106_128x64_noname_display_info   0x08007118   Data          24  u8x8_d_ssd1306_128x64_noname.o(.constdata)
    .constdata                               0x08007130   Section      148  bigflt0.o(.constdata)
    tenpwrs_x                                0x08007130   Data          60  bigflt0.o(.constdata)
    tenpwrs_i                                0x0800716c   Data          64  bigflt0.o(.constdata)
    locale$$data                             0x080071e4   Section       28  lc_numeric_c.o(locale$$data)
    __lcnum_c_name                           0x080071e8   Data           2  lc_numeric_c.o(locale$$data)
    __lcnum_c_start                          0x080071f0   Data           0  lc_numeric_c.o(locale$$data)
    __lcnum_c_point                          0x080071fc   Data           0  lc_numeric_c.o(locale$$data)
    __lcnum_c_thousands                      0x080071fe   Data           0  lc_numeric_c.o(locale$$data)
    __lcnum_c_grouping                       0x080071ff   Data           0  lc_numeric_c.o(locale$$data)
    __lcnum_c_end                            0x08007200   Data           0  lc_numeric_c.o(locale$$data)
    .data                                    0x20000000   Section       20  stm32f10x_rcc.o(.data)
    ADCPrescTable                            0x20000000   Data           4  stm32f10x_rcc.o(.data)
    APBAHBPrescTable                         0x20000004   Data          16  stm32f10x_rcc.o(.data)
    .data                                    0x20000014   Section       40  oled.o(.data)
    pos                                      0x20000014   Data           1  oled.o(.data)
    stat                                     0x20000015   Data           1  oled.o(.data)
    continuous_refresh                       0x20000018   Data           4  oled.o(.data)
    dma1_busy                                0x2000001c   Data           4  oled.o(.data)
    times_l                                  0x20000020   Data           4  oled.o(.data)
    times_l                                  0x20000024   Data           4  oled.o(.data)
    times_d                                  0x20000028   Data           4  oled.o(.data)
    times_l                                  0x2000002c   Data           4  oled.o(.data)
    times_d                                  0x20000030   Data           4  oled.o(.data)
    times_l                                  0x20000034   Data           4  oled.o(.data)
    .data                                    0x2000003c   Section       12  uart.o(.data)
    i                                        0x2000003c   Data           4  uart.o(.data)
    i                                        0x20000040   Data           4  uart.o(.data)
    i                                        0x20000044   Data           4  uart.o(.data)
    .data                                    0x20000048   Section        4  uart.o(.data)
    .data                                    0x2000004c   Section        4  ctrl.o(.data)
    .data                                    0x20000050   Section        4  ctrl.o(.data)
    .data                                    0x20000054   Section        4  main.o(.data)
    times_l                                  0x20000054   Data           4  main.o(.data)
    .data                                    0x20000058   Section       20  system_stm32f10x.o(.data)
    .bss                                     0x2000006c   Section     1172  oled.o(.bss)
    u8g2                                     0x2000006c   Data         148  oled.o(.bss)
    .bss                                     0x20000500   Section     1000  uart.o(.bss)
    .bss                                     0x200008e8   Section      228  rand.o(.bss)
    .bss                                     0x200009cc   Section       96  libspace.o(.bss)
    HEAP                                     0x20000a30   Section      512  startup_stm32f10x_md.o(HEAP)
    Heap_Mem                                 0x20000a30   Data         512  startup_stm32f10x_md.o(HEAP)
    STACK                                    0x20000c30   Section     1024  startup_stm32f10x_md.o(STACK)
    Stack_Mem                                0x20000c30   Data        1024  startup_stm32f10x_md.o(STACK)
    __initial_sp                             0x20001030   Data           0  startup_stm32f10x_md.o(STACK)

    Global Symbols

    Symbol Name                              Value     Ov Type        Size  Object(Section)

    BuildAttributes$$THM_ISAv4$P$D$K$B$S$PE$A:L22UL41UL21$X:L11$S22US41US21$IEEE1$IW$USESV6$~STKCKD$USESV7$~SHL$OTIME$ROPI$IEEEJ$EBA8$UX$STANDARDLIB$REQ8$PRES8$EABIv2 0x00000000   Number         0  anon$$obj.o ABSOLUTE
    __ARM_use_no_argv                        0x00000000   Number         0  main.o ABSOLUTE
    _printf_flags                            0x00000000   Number         0  printf_stubs.o ABSOLUTE
    _printf_return_value                     0x00000000   Number         0  printf_stubs.o ABSOLUTE
    _printf_sizespec                         0x00000000   Number         0  printf_stubs.o ABSOLUTE
    _printf_widthprec                        0x00000000   Number         0  printf_stubs.o ABSOLUTE
    __ARM_exceptions_init                     - Undefined Weak Reference
    __alloca_initialize                       - Undefined Weak Reference
    __arm_preinit_                            - Undefined Weak Reference
    __cpp_initialize__aeabi_                  - Undefined Weak Reference
    __cxa_finalize                            - Undefined Weak Reference
    __sigvec_lookup                           - Undefined Weak Reference
    _atexit_init                              - Undefined Weak Reference
    _call_atexit_fns                          - Undefined Weak Reference
    _clock_init                               - Undefined Weak Reference
    _fp_trap_init                             - Undefined Weak Reference
    _fp_trap_shutdown                         - Undefined Weak Reference
    _get_lc_collate                           - Undefined Weak Reference
    _get_lc_ctype                             - Undefined Weak Reference
    _get_lc_monetary                          - Undefined Weak Reference
    _get_lc_time                              - Undefined Weak Reference
    _getenv_init                              - Undefined Weak Reference
    _handle_redirection                       - Undefined Weak Reference
    _init_alloc                               - Undefined Weak Reference
    _init_user_alloc                          - Undefined Weak Reference
    _initio                                   - Undefined Weak Reference
    _signal_finish                            - Undefined Weak Reference
    _signal_init                              - Undefined Weak Reference
    _terminate_alloc                          - Undefined Weak Reference
    _terminate_user_alloc                     - Undefined Weak Reference
    _terminateio                              - Undefined Weak Reference
    __Vectors_Size                           0x000000ec   Number         0  startup_stm32f10x_md.o ABSOLUTE
    __Vectors                                0x08000000   Data           4  startup_stm32f10x_md.o(RESET)
    __Vectors_End                            0x080000ec   Data           0  startup_stm32f10x_md.o(RESET)
    __main                                   0x080000ed   Thumb Code     8  __main.o(!!!main)
    __scatterload                            0x080000f5   Thumb Code     0  __scatter.o(!!!scatter)
    __scatterload_rt2                        0x080000f5   Thumb Code    44  __scatter.o(!!!scatter)
    __scatterload_rt2_thumb_only             0x080000f5   Thumb Code     0  __scatter.o(!!!scatter)
    __scatterload_null                       0x08000103   Thumb Code     0  __scatter.o(!!!scatter)
    __scatterload_copy                       0x08000129   Thumb Code    26  __scatter_copy.o(!!handler_copy)
    __scatterload_zeroinit                   0x08000145   Thumb Code    28  __scatter_zi.o(!!handler_zi)
    _printf_f                                0x08000161   Thumb Code     0  _printf_f.o(.ARM.Collect$$_printf_percent$$00000003)
    _printf_percent                          0x08000161   Thumb Code     0  _printf_percent.o(.ARM.Collect$$_printf_percent$$00000000)
    _printf_percent_end                      0x08000167   Thumb Code     0  _printf_percent_end.o(.ARM.Collect$$_printf_percent$$00000017)
    __rt_lib_init                            0x0800016b   Thumb Code     0  libinit.o(.ARM.Collect$$libinit$$00000000)
    __rt_lib_init_fp_1                       0x0800016d   Thumb Code     0  libinit2.o(.ARM.Collect$$libinit$$00000002)
    __rt_lib_init_heap_1                     0x0800016d   Thumb Code     0  libinit2.o(.ARM.Collect$$libinit$$0000000A)
    __rt_lib_init_preinit_1                  0x0800016d   Thumb Code     0  libinit2.o(.ARM.Collect$$libinit$$00000004)
    __rt_lib_init_rand_2                     0x0800016d   Thumb Code     0  libinit2.o(.ARM.Collect$$libinit$$0000000D)
    __rt_lib_init_user_alloc_1               0x0800016d   Thumb Code     0  libinit2.o(.ARM.Collect$$libinit$$0000000C)
    __rt_lib_init_lc_common                  0x08000171   Thumb Code     0  libinit2.o(.ARM.Collect$$libinit$$0000000F)
    __rt_lib_init_rand_1                     0x08000171   Thumb Code     0  libinit2.o(.ARM.Collect$$libinit$$0000000E)
    __rt_lib_init_lc_collate_1               0x08000177   Thumb Code     0  libinit2.o(.ARM.Collect$$libinit$$00000011)
    __rt_lib_init_lc_ctype_1                 0x08000177   Thumb Code     0  libinit2.o(.ARM.Collect$$libinit$$00000013)
    __rt_lib_init_lc_monetary_1              0x08000177   Thumb Code     0  libinit2.o(.ARM.Collect$$libinit$$00000015)
    __rt_lib_init_lc_numeric_2               0x08000177   Thumb Code     0  libinit2.o(.ARM.Collect$$libinit$$00000016)
    __rt_lib_init_alloca_1                   0x08000181   Thumb Code     0  libinit2.o(.ARM.Collect$$libinit$$0000002E)
    __rt_lib_init_argv_1                     0x08000181   Thumb Code     0  libinit2.o(.ARM.Collect$$libinit$$0000002C)
    __rt_lib_init_atexit_1                   0x08000181   Thumb Code     0  libinit2.o(.ARM.Collect$$libinit$$0000001B)
    __rt_lib_init_clock_1                    0x08000181   Thumb Code     0  libinit2.o(.ARM.Collect$$libinit$$00000021)
    __rt_lib_init_cpp_1                      0x08000181   Thumb Code     0  libinit2.o(.ARM.Collect$$libinit$$00000032)
    __rt_lib_init_exceptions_1               0x08000181   Thumb Code     0  libinit2.o(.ARM.Collect$$libinit$$00000030)
    __rt_lib_init_fp_trap_1                  0x08000181   Thumb Code     0  libinit2.o(.ARM.Collect$$libinit$$0000001F)
    __rt_lib_init_getenv_1                   0x08000181   Thumb Code     0  libinit2.o(.ARM.Collect$$libinit$$00000023)
    __rt_lib_init_lc_numeric_1               0x08000181   Thumb Code     0  libinit2.o(.ARM.Collect$$libinit$$00000017)
    __rt_lib_init_lc_time_1                  0x08000181   Thumb Code     0  libinit2.o(.ARM.Collect$$libinit$$00000019)
    __rt_lib_init_return                     0x08000181   Thumb Code     0  libinit2.o(.ARM.Collect$$libinit$$00000033)
    __rt_lib_init_signal_1                   0x08000181   Thumb Code     0  libinit2.o(.ARM.Collect$$libinit$$0000001D)
    __rt_lib_init_stdio_1                    0x08000181   Thumb Code     0  libinit2.o(.ARM.Collect$$libinit$$00000025)
    __rt_lib_shutdown                        0x08000183   Thumb Code     0  libshutdown.o(.ARM.Collect$$libshutdown$$00000000)
    __rt_lib_shutdown_cpp_1                  0x08000185   Thumb Code     0  libshutdown2.o(.ARM.Collect$$libshutdown$$00000002)
    __rt_lib_shutdown_fp_trap_1              0x08000185   Thumb Code     0  libshutdown2.o(.ARM.Collect$$libshutdown$$00000007)
    __rt_lib_shutdown_heap_1                 0x08000185   Thumb Code     0  libshutdown2.o(.ARM.Collect$$libshutdown$$0000000F)
    __rt_lib_shutdown_return                 0x08000185   Thumb Code     0  libshutdown2.o(.ARM.Collect$$libshutdown$$00000010)
    __rt_lib_shutdown_signal_1               0x08000185   Thumb Code     0  libshutdown2.o(.ARM.Collect$$libshutdown$$0000000A)
    __rt_lib_shutdown_stdio_1                0x08000185   Thumb Code     0  libshutdown2.o(.ARM.Collect$$libshutdown$$00000004)
    __rt_lib_shutdown_user_alloc_1           0x08000185   Thumb Code     0  libshutdown2.o(.ARM.Collect$$libshutdown$$0000000C)
    __rt_entry                               0x08000187   Thumb Code     0  __rtentry.o(.ARM.Collect$$rtentry$$00000000)
    __rt_entry_presh_1                       0x08000187   Thumb Code     0  __rtentry2.o(.ARM.Collect$$rtentry$$00000002)
    __rt_entry_sh                            0x08000187   Thumb Code     0  __rtentry4.o(.ARM.Collect$$rtentry$$00000004)
    __rt_entry_li                            0x0800018d   Thumb Code     0  __rtentry2.o(.ARM.Collect$$rtentry$$0000000A)
    __rt_entry_postsh_1                      0x0800018d   Thumb Code     0  __rtentry2.o(.ARM.Collect$$rtentry$$00000009)
    __rt_entry_main                          0x08000191   Thumb Code     0  __rtentry2.o(.ARM.Collect$$rtentry$$0000000D)
    __rt_entry_postli_1                      0x08000191   Thumb Code     0  __rtentry2.o(.ARM.Collect$$rtentry$$0000000C)
    __rt_exit                                0x08000199   Thumb Code     0  rtexit.o(.ARM.Collect$$rtexit$$00000000)
    __rt_exit_ls                             0x0800019b   Thumb Code     0  rtexit2.o(.ARM.Collect$$rtexit$$00000003)
    __rt_exit_prels_1                        0x0800019b   Thumb Code     0  rtexit2.o(.ARM.Collect$$rtexit$$00000002)
    __rt_exit_exit                           0x0800019f   Thumb Code     0  rtexit2.o(.ARM.Collect$$rtexit$$00000004)
    rand                                     0x080001a5   Thumb Code    48  rand.o(.emb_text)
    Reset_Handler                            0x080001d9   Thumb Code     8  startup_stm32f10x_md.o(.text)
    ADC1_2_IRQHandler                        0x080001f3   Thumb Code     0  startup_stm32f10x_md.o(.text)
    CAN1_RX1_IRQHandler                      0x080001f3   Thumb Code     0  startup_stm32f10x_md.o(.text)
    CAN1_SCE_IRQHandler                      0x080001f3   Thumb Code     0  startup_stm32f10x_md.o(.text)
    DMA1_Channel1_IRQHandler                 0x080001f3   Thumb Code     0  startup_stm32f10x_md.o(.text)
    DMA1_Channel2_IRQHandler                 0x080001f3   Thumb Code     0  startup_stm32f10x_md.o(.text)
    DMA1_Channel3_IRQHandler                 0x080001f3   Thumb Code     0  startup_stm32f10x_md.o(.text)
    DMA1_Channel4_IRQHandler                 0x080001f3   Thumb Code     0  startup_stm32f10x_md.o(.text)
    DMA1_Channel5_IRQHandler                 0x080001f3   Thumb Code     0  startup_stm32f10x_md.o(.text)
    DMA1_Channel7_IRQHandler                 0x080001f3   Thumb Code     0  startup_stm32f10x_md.o(.text)
    EXTI0_IRQHandler                         0x080001f3   Thumb Code     0  startup_stm32f10x_md.o(.text)
    EXTI15_10_IRQHandler                     0x080001f3   Thumb Code     0  startup_stm32f10x_md.o(.text)
    EXTI1_IRQHandler                         0x080001f3   Thumb Code     0  startup_stm32f10x_md.o(.text)
    EXTI2_IRQHandler                         0x080001f3   Thumb Code     0  startup_stm32f10x_md.o(.text)
    EXTI3_IRQHandler                         0x080001f3   Thumb Code     0  startup_stm32f10x_md.o(.text)
    EXTI4_IRQHandler                         0x080001f3   Thumb Code     0  startup_stm32f10x_md.o(.text)
    EXTI9_5_IRQHandler                       0x080001f3   Thumb Code     0  startup_stm32f10x_md.o(.text)
    FLASH_IRQHandler                         0x080001f3   Thumb Code     0  startup_stm32f10x_md.o(.text)
    I2C1_ER_IRQHandler                       0x080001f3   Thumb Code     0  startup_stm32f10x_md.o(.text)
    I2C1_EV_IRQHandler                       0x080001f3   Thumb Code     0  startup_stm32f10x_md.o(.text)
    I2C2_ER_IRQHandler                       0x080001f3   Thumb Code     0  startup_stm32f10x_md.o(.text)
    I2C2_EV_IRQHandler                       0x080001f3   Thumb Code     0  startup_stm32f10x_md.o(.text)
    PVD_IRQHandler                           0x080001f3   Thumb Code     0  startup_stm32f10x_md.o(.text)
    RCC_IRQHandler                           0x080001f3   Thumb Code     0  startup_stm32f10x_md.o(.text)
    RTCAlarm_IRQHandler                      0x080001f3   Thumb Code     0  startup_stm32f10x_md.o(.text)
    RTC_IRQHandler                           0x080001f3   Thumb Code     0  startup_stm32f10x_md.o(.text)
    SPI1_IRQHandler                          0x080001f3   Thumb Code     0  startup_stm32f10x_md.o(.text)
    SPI2_IRQHandler                          0x080001f3   Thumb Code     0  startup_stm32f10x_md.o(.text)
    TAMPER_IRQHandler                        0x080001f3   Thumb Code     0  startup_stm32f10x_md.o(.text)
    TIM1_BRK_IRQHandler                      0x080001f3   Thumb Code     0  startup_stm32f10x_md.o(.text)
    TIM1_CC_IRQHandler                       0x080001f3   Thumb Code     0  startup_stm32f10x_md.o(.text)
    TIM1_TRG_COM_IRQHandler                  0x080001f3   Thumb Code     0  startup_stm32f10x_md.o(.text)
    TIM1_UP_IRQHandler                       0x080001f3   Thumb Code     0  startup_stm32f10x_md.o(.text)
    TIM2_IRQHandler                          0x080001f3   Thumb Code     0  startup_stm32f10x_md.o(.text)
    TIM3_IRQHandler                          0x080001f3   Thumb Code     0  startup_stm32f10x_md.o(.text)
    TIM4_IRQHandler                          0x080001f3   Thumb Code     0  startup_stm32f10x_md.o(.text)
    USART2_IRQHandler                        0x080001f3   Thumb Code     0  startup_stm32f10x_md.o(.text)
    USBWakeUp_IRQHandler                     0x080001f3   Thumb Code     0  startup_stm32f10x_md.o(.text)
    USB_HP_CAN1_TX_IRQHandler                0x080001f3   Thumb Code     0  startup_stm32f10x_md.o(.text)
    USB_LP_CAN1_RX0_IRQHandler               0x080001f3   Thumb Code     0  startup_stm32f10x_md.o(.text)
    WWDG_IRQHandler                          0x080001f3   Thumb Code     0  startup_stm32f10x_md.o(.text)
    __user_initial_stackheap                 0x080001f5   Thumb Code     0  startup_stm32f10x_md.o(.text)
    __use_no_semihosting                     0x08000219   Thumb Code     2  use_no_semi_2.o(.text)
    __2printf                                0x0800021d   Thumb Code    20  noretval__2printf.o(.text)
    __2sprintf                               0x08000235   Thumb Code    34  noretval__2sprintf.o(.text)
    _printf_pre_padding                      0x0800025d   Thumb Code    44  _printf_pad.o(.text)
    _printf_post_padding                     0x08000289   Thumb Code    34  _printf_pad.o(.text)
    __printf                                 0x080002ab   Thumb Code   270  __printf_wp.o(.text)
    srand                                    0x080003b9   Thumb Code    42  rand.o(.text)
    _rand_init                               0x080003e3   Thumb Code     4  rand.o(.text)
    __aeabi_memclr4                          0x080003f5   Thumb Code     0  rt_memclr_w.o(.text)
    __aeabi_memclr8                          0x080003f5   Thumb Code     0  rt_memclr_w.o(.text)
    __rt_memclr_w                            0x080003f5   Thumb Code    78  rt_memclr_w.o(.text)
    _memset_w                                0x080003f9   Thumb Code     0  rt_memclr_w.o(.text)
    __use_two_region_memory                  0x08000443   Thumb Code     2  heapauxi.o(.text)
    __rt_heap_escrow$2region                 0x08000445   Thumb Code     2  heapauxi.o(.text)
    __rt_heap_expand$2region                 0x08000447   Thumb Code     2  heapauxi.o(.text)
    __I$use$semihosting                      0x08000449   Thumb Code     0  use_no_semi.o(.text)
    __use_no_semihosting_swi                 0x08000449   Thumb Code     2  use_no_semi.o(.text)
    __lib_sel_fp_printf                      0x0800044b   Thumb Code     2  _printf_fp_dec.o(.text)
    _printf_fp_dec_real                      0x080005f9   Thumb Code   620  _printf_fp_dec.o(.text)
    _printf_char_common                      0x0800086f   Thumb Code    32  _printf_char_common.o(.text)
    _sputc                                   0x08000895   Thumb Code    10  _sputc.o(.text)
    _printf_char_file                        0x080008a1   Thumb Code    32  _printf_char_file.o(.text)
    __rt_locale                              0x080008c5   Thumb Code     8  rt_locale_intlibspace.o(.text)
    _ll_udiv10                               0x080008cd   Thumb Code   138  lludiv10.o(.text)
    _printf_fp_infnan                        0x08000959   Thumb Code   112  _printf_fp_infnan.o(.text)
    _btod_etento                             0x080009d9   Thumb Code   216  bigflt0.o(.text)
    __user_libspace                          0x08000ab5   Thumb Code     8  libspace.o(.text)
    __user_perproc_libspace                  0x08000ab5   Thumb Code     0  libspace.o(.text)
    __user_perthread_libspace                0x08000ab5   Thumb Code     0  libspace.o(.text)
    __user_setup_stackheap                   0x08000abd   Thumb Code    74  sys_stackheap_outer.o(.text)
    exit                                     0x08000b07   Thumb Code    18  exit.o(.text)
    strcmp                                   0x08000b19   Thumb Code   128  strcmpv7m.o(.text)
    _btod_d2e                                0x08000b99   Thumb Code    62  btod.o(CL$$btod_d2e)
    _d2e_denorm_low                          0x08000bd7   Thumb Code    70  btod.o(CL$$btod_d2e_denorm_low)
    _d2e_norm_op1                            0x08000c1d   Thumb Code    96  btod.o(CL$$btod_d2e_norm_op1)
    __btod_div_common                        0x08000c7d   Thumb Code   696  btod.o(CL$$btod_div_common)
    _e2e                                     0x08000fb5   Thumb Code   198  btod.o(CL$$btod_e2e)
    _btod_ediv                               0x0800107b   Thumb Code    40  btod.o(CL$$btod_ediv)
    _btod_emul                               0x080010a3   Thumb Code    40  btod.o(CL$$btod_emul)
    __btod_mult_common                       0x080010cb   Thumb Code   580  btod.o(CL$$btod_mult_common)
    BusFault_Handler                         0x0800130f   Thumb Code     2  stm32f10x_it.o(i.BusFault_Handler)
    Clock_Init                               0x08001311   Thumb Code    78  main.o(i.Clock_Init)
    DMA1_Channel6_IRQHandler                 0x08001361   Thumb Code   186  oled.o(i.DMA1_Channel6_IRQHandler)
    DMA_ClearFlag                            0x0800142d   Thumb Code    16  stm32f10x_dma.o(i.DMA_ClearFlag)
    DMA_Cmd                                  0x08001445   Thumb Code    26  stm32f10x_dma.o(i.DMA_Cmd)
    DMA_DeInit                               0x08001461   Thumb Code   238  stm32f10x_dma.o(i.DMA_DeInit)
    DMA_GetITStatus                          0x08001559   Thumb Code    26  stm32f10x_dma.o(i.DMA_GetITStatus)
    DMA_ITConfig                             0x0800157d   Thumb Code    20  stm32f10x_dma.o(i.DMA_ITConfig)
    DMA_Init                                 0x08001591   Thumb Code    58  stm32f10x_dma.o(i.DMA_Init)
    DebugMon_Handler                         0x080015cb   Thumb Code     2  stm32f10x_it.o(i.DebugMon_Handler)
    GPIO_Init                                0x080015cd   Thumb Code   166  stm32f10x_gpio.o(i.GPIO_Init)
    GPIO_PinRemapConfig                      0x08001675   Thumb Code    86  stm32f10x_gpio.o(i.GPIO_PinRemapConfig)
    HardFault_Handler                        0x080016d1   Thumb Code     2  stm32f10x_it.o(i.HardFault_Handler)
    I2C_CheckEvent                           0x080016d3   Thumb Code    24  stm32f10x_i2c.o(i.I2C_CheckEvent)
    I2C_Cmd                                  0x080016eb   Thumb Code    24  stm32f10x_i2c.o(i.I2C_Cmd)
    I2C_DMACmd                               0x08001703   Thumb Code    24  stm32f10x_i2c.o(i.I2C_DMACmd)
    I2C_GenerateSTART                        0x0800171b   Thumb Code    24  stm32f10x_i2c.o(i.I2C_GenerateSTART)
    I2C_GenerateSTOP                         0x08001733   Thumb Code    24  stm32f10x_i2c.o(i.I2C_GenerateSTOP)
    I2C_GetFlagStatus                        0x0800174b   Thumb Code    50  stm32f10x_i2c.o(i.I2C_GetFlagStatus)
    I2C_Init                                 0x0800177d   Thumb Code   182  stm32f10x_i2c.o(i.I2C_Init)
    I2C_Send7bitAddress                      0x0800183d   Thumb Code    18  stm32f10x_i2c.o(i.I2C_Send7bitAddress)
    I2C_SendData                             0x0800184f   Thumb Code     4  stm32f10x_i2c.o(i.I2C_SendData)
    Interrpt_Init                            0x08001853   Thumb Code    98  main.o(i.Interrpt_Init)
    MemManage_Handler                        0x080018b5   Thumb Code     2  stm32f10x_it.o(i.MemManage_Handler)
    NMI_Handler                              0x080018b7   Thumb Code     2  stm32f10x_it.o(i.NMI_Handler)
    NVIC_Init                                0x080018b9   Thumb Code    96  misc.o(i.NVIC_Init)
    NVIC_PriorityGroupConfig                 0x0800191d   Thumb Code    10  misc.o(i.NVIC_PriorityGroupConfig)
    OLED_CNZH_Example                        0x08001951   Thumb Code   120  oled.o(i.OLED_CNZH_Example)
    OLED_Clear                               0x08001a05   Thumb Code    42  oled.o(i.OLED_Clear)
    OLED_Clear_Gram                          0x08001a31   Thumb Code    10  oled.o(i.OLED_Clear_Gram)
    OLED_Continuous_Refresh_Start            0x08001a41   Thumb Code    12  oled.o(i.OLED_Continuous_Refresh_Start)
    OLED_DMAConfig                           0x08001a51   Thumb Code    66  oled.o(i.OLED_DMAConfig)
    OLED_DrawASCIIChar                       0x08001aa1   Thumb Code   216  oled.o(i.OLED_DrawASCIIChar)
    OLED_DrawByte                            0x08001b81   Thumb Code   110  oled.o(i.OLED_DrawByte)
    OLED_DrawCNZHString                      0x08001bf5   Thumb Code   200  oled.o(i.OLED_DrawCNZHString)
    OLED_DrawPoint                           0x08001cc1   Thumb Code    60  oled.o(i.OLED_DrawPoint)
    OLED_DrawString                          0x08001d01   Thumb Code   138  oled.o(i.OLED_DrawString)
    OLED_Example_Loop                        0x08001d8d   Thumb Code   102  oled.o(i.OLED_Example_Loop)
    OLED_Frame_Example                       0x08001e01   Thumb Code   288  oled.o(i.OLED_Frame_Example)
    OLED_Init                                0x08001f39   Thumb Code   118  oled.o(i.OLED_Init)
    OLED_Refresh_Gram                        0x08001fc1   Thumb Code   292  oled.o(i.OLED_Refresh_Gram)
    OLED_SetPos                              0x08002105   Thumb Code    50  oled.o(i.OLED_SetPos)
    OLED_Simulated_Noise_Example             0x08002139   Thumb Code   124  oled.o(i.OLED_Simulated_Noise_Example)
    OLED_U8G2_Draw_Example                   0x080021d1   Thumb Code   180  oled.o(i.OLED_U8G2_Draw_Example)
    OLED_U8G2_Init                           0x080022bd   Thumb Code    46  oled.o(i.OLED_U8G2_Init)
    OLED_send_cmd                            0x08002301   Thumb Code   246  oled.o(i.OLED_send_cmd)
    OLED_send_data                           0x08002405   Thumb Code   246  oled.o(i.OLED_send_data)
    OLED_u8x8_empty_cb                       0x08002509   Thumb Code     4  oled.o(i.OLED_u8x8_empty_cb)
    PendSV_Handler                           0x0800250d   Thumb Code     2  stm32f10x_it.o(i.PendSV_Handler)
    RCC_AHBPeriphClockCmd                    0x08002511   Thumb Code    22  stm32f10x_rcc.o(i.RCC_AHBPeriphClockCmd)
    RCC_APB1PeriphClockCmd                   0x0800252d   Thumb Code    22  stm32f10x_rcc.o(i.RCC_APB1PeriphClockCmd)
    RCC_APB2PeriphClockCmd                   0x08002549   Thumb Code    22  stm32f10x_rcc.o(i.RCC_APB2PeriphClockCmd)
    RCC_GetClocksFreq                        0x08002565   Thumb Code   154  stm32f10x_rcc.o(i.RCC_GetClocksFreq)
    SVC_Handler                              0x08002611   Thumb Code     2  stm32f10x_it.o(i.SVC_Handler)
    SysTick_Handler                          0x080026c9   Thumb Code    10  ctrl.o(i.SysTick_Handler)
    SystemInit                               0x080026d9   Thumb Code    64  system_stm32f10x.o(i.SystemInit)
    UART1_Init                               0x08002729   Thumb Code   116  uart.o(i.UART1_Init)
    UART3_Init                               0x080027a5   Thumb Code   116  uart.o(i.UART3_Init)
    USART1_IRQHandler                        0x08002821   Thumb Code    58  uart.o(i.USART1_IRQHandler)
    USART3_IRQHandler                        0x08002869   Thumb Code    58  uart.o(i.USART3_IRQHandler)
    USART_ClearITPendingBit                  0x080028b1   Thumb Code    16  stm32f10x_usart.o(i.USART_ClearITPendingBit)
    USART_Cmd                                0x080028c1   Thumb Code    24  stm32f10x_usart.o(i.USART_Cmd)
    USART_GetITStatus                        0x080028d9   Thumb Code    64  stm32f10x_usart.o(i.USART_GetITStatus)
    USART_ITConfig                           0x08002919   Thumb Code    54  stm32f10x_usart.o(i.USART_ITConfig)
    USART_Init                               0x08002951   Thumb Code   182  stm32f10x_usart.o(i.USART_Init)
    USART_ReceiveData                        0x08002a0d   Thumb Code     8  stm32f10x_usart.o(i.USART_ReceiveData)
    UsageFault_Handler                       0x08002a15   Thumb Code     2  stm32f10x_it.o(i.UsageFault_Handler)
    __ARM_fpclassify                         0x08002a17   Thumb Code    40  fpclassify.o(i.__ARM_fpclassify)
    _is_digit                                0x08002a3f   Thumb Code    14  __printf_wp.o(i._is_digit)
    _sys_exit                                0x08002a4d   Thumb Code     2  uart.o(i._sys_exit)
    ferror                                   0x08002a4f   Thumb Code     6  uart.o(i.ferror)
    fputc                                    0x08002a55   Thumb Code    18  uart.o(i.fputc)
    main                                     0x08002a6d   Thumb Code   158  main.o(i.main)
    u8g2_DrawGlyph                           0x08002b51   Thumb Code    96  u8g2_font.o(i.u8g2_DrawGlyph)
    u8g2_DrawHLine                           0x08002bb1   Thumb Code    12  u8g2_hvline.o(i.u8g2_DrawHLine)
    u8g2_DrawHVLine                          0x08002bbd   Thumb Code   174  u8g2_hvline.o(i.u8g2_DrawHVLine)
    u8g2_DrawStr                             0x08002c6d   Thumb Code    12  u8g2_font.o(i.u8g2_DrawStr)
    u8g2_DrawVLine                           0x08002c7d   Thumb Code    12  u8g2_hvline.o(i.u8g2_DrawVLine)
    u8g2_IsIntersection                      0x08002c89   Thumb Code    46  u8g2_intersection.o(i.u8g2_IsIntersection)
    u8g2_SetFont                             0x08002cb7   Thumb Code    32  u8g2_font.o(i.u8g2_SetFont)
    u8g2_SetFontDirection                    0x08002cd7   Thumb Code     6  u8g2_font.o(i.u8g2_SetFontDirection)
    u8g2_SetFontMode                         0x08002cdd   Thumb Code     6  u8g2_font.o(i.u8g2_SetFontMode)
    u8g2_SetFontPosBaseline                  0x08002ce5   Thumb Code     6  u8g2_font.o(i.u8g2_SetFontPosBaseline)
    u8g2_SetMaxClipWindow                    0x08002cf1   Thumb Code    24  u8g2_setup.o(i.u8g2_SetMaxClipWindow)
    u8g2_SetupBuffer                         0x08002d09   Thumb Code    70  u8g2_setup.o(i.u8g2_SetupBuffer)
    u8g2_UpdateRefHeight                     0x08002d4f   Thumb Code    86  u8g2_font.o(i.u8g2_UpdateRefHeight)
    u8g2_add_vector_x                        0x08002da5   Thumb Code    36  u8g2_font.o(i.u8g2_add_vector_x)
    u8g2_add_vector_y                        0x08002dc9   Thumb Code    36  u8g2_font.o(i.u8g2_add_vector_y)
    u8g2_draw_hv_line_2dir                   0x08002e97   Thumb Code    18  u8g2_hvline.o(i.u8g2_draw_hv_line_2dir)
    u8g2_draw_l90_r0                         0x08002ea9   Thumb Code    12  u8g2_setup.o(i.u8g2_draw_l90_r0)
    u8g2_font_calc_vref_font                 0x08002f27   Thumb Code     4  u8g2_font.o(i.u8g2_font_calc_vref_font)
    u8g2_font_decode_get_signed_bits         0x08002f2b   Thumb Code    22  u8g2_font.o(i.u8g2_font_decode_get_signed_bits)
    u8g2_font_decode_get_unsigned_bits       0x08002f41   Thumb Code    52  u8g2_font.o(i.u8g2_font_decode_get_unsigned_bits)
    u8g2_font_decode_glyph                   0x08002f75   Thumb Code   312  u8g2_font.o(i.u8g2_font_decode_glyph)
    u8g2_font_decode_len                     0x080030ad   Thumb Code   156  u8g2_font.o(i.u8g2_font_decode_len)
    u8g2_font_get_glyph_data                 0x08003175   Thumb Code   120  u8g2_font.o(i.u8g2_font_get_glyph_data)
    u8g2_is_intersection_decision_tree       0x08003235   Thumb Code    44  u8g2_intersection.o(i.u8g2_is_intersection_decision_tree)
    u8g2_ll_hvline_vertical_top_lsb          0x08003261   Thumb Code   144  u8g2_ll_hvline.o(i.u8g2_ll_hvline_vertical_top_lsb)
    u8g2_read_font_info                      0x080032f1   Thumb Code   208  u8g2_font.o(i.u8g2_read_font_info)
    u8g2_update_dimension_r0                 0x08003407   Thumb Code     4  u8g2_setup.o(i.u8g2_update_dimension_r0)
    u8g2_update_page_win_r0                  0x0800340b   Thumb Code    24  u8g2_setup.o(i.u8g2_update_page_win_r0)
    u8x8_Setup                               0x08003423   Thumb Code    36  u8x8_setup.o(i.u8x8_Setup)
    u8x8_SetupDefaults                       0x08003449   Thumb Code    34  u8x8_setup.o(i.u8x8_SetupDefaults)
    u8x8_SetupMemory                         0x08003471   Thumb Code    16  u8x8_display.o(i.u8x8_SetupMemory)
    u8x8_ascii_next                          0x08003481   Thumb Code    16  u8x8_8x8.o(i.u8x8_ascii_next)
    u8x8_cad_EndTransfer                     0x08003491   Thumb Code    16  u8x8_cad.o(i.u8x8_cad_EndTransfer)
    u8x8_cad_SendArg                         0x080034a1   Thumb Code    16  u8x8_cad.o(i.u8x8_cad_SendArg)
    u8x8_cad_SendCmd                         0x080034b1   Thumb Code    16  u8x8_cad.o(i.u8x8_cad_SendCmd)
    u8x8_cad_SendData                        0x080034c1   Thumb Code    16  u8x8_cad.o(i.u8x8_cad_SendData)
    u8x8_cad_SendSequence                    0x080034d1   Thumb Code   100  u8x8_cad.o(i.u8x8_cad_SendSequence)
    u8x8_cad_StartTransfer                   0x08003535   Thumb Code    16  u8x8_cad.o(i.u8x8_cad_StartTransfer)
    u8x8_d_helper_display_init               0x08003545   Thumb Code    98  u8x8_display.o(i.u8x8_d_helper_display_init)
    u8x8_d_helper_display_setup_memory       0x080035a7   Thumb Code    10  u8x8_display.o(i.u8x8_d_helper_display_setup_memory)
    u8x8_d_ssd1306_128x64_noname             0x080035b1   Thumb Code    60  u8x8_d_ssd1306_128x64_noname.o(i.u8x8_d_ssd1306_128x64_noname)
    u8x8_dummy_cb                            0x080036d5   Thumb Code     4  u8x8_setup.o(i.u8x8_dummy_cb)
    u8x8_gpio_call                           0x080036d9   Thumb Code    12  u8x8_gpio.o(i.u8x8_gpio_call)
    u8x8_utf8_init                           0x080036e5   Thumb Code     8  u8x8_8x8.o(i.u8x8_utf8_init)
    _get_lc_numeric                          0x080036ed   Thumb Code    44  lc_numeric_c.o(locale$$code)
    __aeabi_d2f                              0x08003719   Thumb Code     0  d2f.o(x$fpl$d2f)
    _d2f                                     0x08003719   Thumb Code    98  d2f.o(x$fpl$d2f)
    __aeabi_ddiv                             0x0800377d   Thumb Code     0  ddiv.o(x$fpl$ddiv)
    _ddiv                                    0x0800377d   Thumb Code   552  ddiv.o(x$fpl$ddiv)
    __aeabi_i2d                              0x08003a2d   Thumb Code     0  dflt_clz.o(x$fpl$dflt)
    _dflt                                    0x08003a2d   Thumb Code    46  dflt_clz.o(x$fpl$dflt)
    __fpl_dnaninf                            0x08003a5b   Thumb Code   156  dnaninf.o(x$fpl$dnaninf)
    __fpl_dretinf                            0x08003af7   Thumb Code    12  dretinf.o(x$fpl$dretinf)
    __aeabi_f2d                              0x08003b05   Thumb Code     0  f2d.o(x$fpl$f2d)
    _f2d                                     0x08003b05   Thumb Code    86  f2d.o(x$fpl$f2d)
    __fpl_fnaninf                            0x08003b5b   Thumb Code   140  fnaninf.o(x$fpl$fnaninf)
    __fpl_fretinf                            0x08003be7   Thumb Code    10  fretinf.o(x$fpl$fretinf)
    _printf_fp_dec                           0x08003bf1   Thumb Code     4  printf1.o(x$fpl$printf1)
    OLED_init_cmd                            0x08003bf4   Data          27  oled.o(.constdata)
    __I$use$fp                               0x08003bf4   Number         0  usenofp.o(x$fpl$usenofp)
    oled_ascii_0612                          0x08003c0f   Data        1152  oled.o(.constdata)
    oled_ascii_0816                          0x0800408f   Data        1536  oled.o(.constdata)
    oled_cnzh_1616                           0x0800468f   Data         204  oled.o(.constdata)
    u8g2_font_4x6_tr                         0x0800475b   Data         723  u8g2_fonts.o(.constdata)
    u8g2_font_inb24_mf                       0x08004a2e   Data        8821  u8g2_fonts.o(.constdata)
    u8g2_font_inb30_mn                       0x08006ca3   Data         807  u8g2_fonts.o(.constdata)
    u8g2_cb_r0                               0x08006fcc   Data          12  u8g2_setup.o(.constdata)
    Region$$Table$$Base                      0x080071c4   Number         0  anon$$obj.o(Region$$Table)
    Region$$Table$$Limit                     0x080071e4   Number         0  anon$$obj.o(Region$$Table)
    fps                                      0x20000038   Data           4  oled.o(.data)
    __stdout                                 0x20000048   Data           4  uart.o(.data)
    times                                    0x2000004c   Data           4  ctrl.o(.data)
    system_stat                              0x20000050   Data           4  ctrl.o(.data)
    SystemCoreClock                          0x20000058   Data           4  system_stm32f10x.o(.data)
    AHBPrescTable                            0x2000005c   Data          16  system_stm32f10x.o(.data)
    OLED_GRAM                                0x20000100   Data        1024  oled.o(.bss)
    rx1Data                                  0x20000500   Data         500  uart.o(.bss)
    rx3Data                                  0x200006f4   Data         500  uart.o(.bss)
    _random_number_data                      0x200008e8   Data         228  rand.o(.bss)
    __libspace_start                         0x200009cc   Data          96  libspace.o(.bss)
    __temporary_stack_top$libspace           0x20000a2c   Data           0  libspace.o(.bss)



==============================================================================

Memory Map of the image

  Image Entry point : 0x080000ed

  Load Region LR_IROM1 (Base: 0x08000000, Size: 0x0000726c, Max: 0x00010000, ABSOLUTE)

    Execution Region ER_IROM1 (Base: 0x08000000, Size: 0x00007200, Max: 0x00010000, ABSOLUTE)

    Base Addr    Size         Type   Attr      Idx    E Section Name        Object

    0x08000000   0x000000ec   Data   RO           19    RESET               startup_stm32f10x_md.o
    0x080000ec   0x00000008   Code   RO         5361  * !!!main             c_w.l(__main.o)
    0x080000f4   0x00000034   Code   RO         5593    !!!scatter          c_w.l(__scatter.o)
    0x08000128   0x0000001a   Code   RO         5595    !!handler_copy      c_w.l(__scatter_copy.o)
    0x08000142   0x00000002   PAD
    0x08000144   0x0000001c   Code   RO         5597    !!handler_zi        c_w.l(__scatter_zi.o)
    0x08000160   0x00000000   Code   RO         5349    .ARM.Collect$$_printf_percent$$00000000  c_w.l(_printf_percent.o)
    0x08000160   0x00000006   Code   RO         5348    .ARM.Collect$$_printf_percent$$00000003  c_w.l(_printf_f.o)
    0x08000166   0x00000004   Code   RO         5390    .ARM.Collect$$_printf_percent$$00000017  c_w.l(_printf_percent_end.o)
    0x0800016a   0x00000002   Code   RO         5525    .ARM.Collect$$libinit$$00000000  c_w.l(libinit.o)
    0x0800016c   0x00000000   Code   RO         5392    .ARM.Collect$$libinit$$00000002  c_w.l(libinit2.o)
    0x0800016c   0x00000000   Code   RO         5394    .ARM.Collect$$libinit$$00000004  c_w.l(libinit2.o)
    0x0800016c   0x00000000   Code   RO         5397    .ARM.Collect$$libinit$$0000000A  c_w.l(libinit2.o)
    0x0800016c   0x00000000   Code   RO         5399    .ARM.Collect$$libinit$$0000000C  c_w.l(libinit2.o)
    0x0800016c   0x00000004   Code   RO         5400    .ARM.Collect$$libinit$$0000000D  c_w.l(libinit2.o)
    0x08000170   0x00000000   Code   RO         5401    .ARM.Collect$$libinit$$0000000E  c_w.l(libinit2.o)
    0x08000170   0x00000006   Code   RO         5402    .ARM.Collect$$libinit$$0000000F  c_w.l(libinit2.o)
    0x08000176   0x00000000   Code   RO         5404    .ARM.Collect$$libinit$$00000011  c_w.l(libinit2.o)
    0x08000176   0x00000000   Code   RO         5406    .ARM.Collect$$libinit$$00000013  c_w.l(libinit2.o)
    0x08000176   0x00000000   Code   RO         5408    .ARM.Collect$$libinit$$00000015  c_w.l(libinit2.o)
    0x08000176   0x0000000a   Code   RO         5409    .ARM.Collect$$libinit$$00000016  c_w.l(libinit2.o)
    0x08000180   0x00000000   Code   RO         5410    .ARM.Collect$$libinit$$00000017  c_w.l(libinit2.o)
    0x08000180   0x00000000   Code   RO         5412    .ARM.Collect$$libinit$$00000019  c_w.l(libinit2.o)
    0x08000180   0x00000000   Code   RO         5414    .ARM.Collect$$libinit$$0000001B  c_w.l(libinit2.o)
    0x08000180   0x00000000   Code   RO         5416    .ARM.Collect$$libinit$$0000001D  c_w.l(libinit2.o)
    0x08000180   0x00000000   Code   RO         5418    .ARM.Collect$$libinit$$0000001F  c_w.l(libinit2.o)
    0x08000180   0x00000000   Code   RO         5420    .ARM.Collect$$libinit$$00000021  c_w.l(libinit2.o)
    0x08000180   0x00000000   Code   RO         5422    .ARM.Collect$$libinit$$00000023  c_w.l(libinit2.o)
    0x08000180   0x00000000   Code   RO         5424    .ARM.Collect$$libinit$$00000025  c_w.l(libinit2.o)
    0x08000180   0x00000000   Code   RO         5428    .ARM.Collect$$libinit$$0000002C  c_w.l(libinit2.o)
    0x08000180   0x00000000   Code   RO         5430    .ARM.Collect$$libinit$$0000002E  c_w.l(libinit2.o)
    0x08000180   0x00000000   Code   RO         5432    .ARM.Collect$$libinit$$00000030  c_w.l(libinit2.o)
    0x08000180   0x00000000   Code   RO         5434    .ARM.Collect$$libinit$$00000032  c_w.l(libinit2.o)
    0x08000180   0x00000002   Code   RO         5435    .ARM.Collect$$libinit$$00000033  c_w.l(libinit2.o)
    0x08000182   0x00000002   Code   RO         5556    .ARM.Collect$$libshutdown$$00000000  c_w.l(libshutdown.o)
    0x08000184   0x00000000   Code   RO         5560    .ARM.Collect$$libshutdown$$00000002  c_w.l(libshutdown2.o)
    0x08000184   0x00000000   Code   RO         5562    .ARM.Collect$$libshutdown$$00000004  c_w.l(libshutdown2.o)
    0x08000184   0x00000000   Code   RO         5565    .ARM.Collect$$libshutdown$$00000007  c_w.l(libshutdown2.o)
    0x08000184   0x00000000   Code   RO         5568    .ARM.Collect$$libshutdown$$0000000A  c_w.l(libshutdown2.o)
    0x08000184   0x00000000   Code   RO         5570    .ARM.Collect$$libshutdown$$0000000C  c_w.l(libshutdown2.o)
    0x08000184   0x00000000   Code   RO         5573    .ARM.Collect$$libshutdown$$0000000F  c_w.l(libshutdown2.o)
    0x08000184   0x00000002   Code   RO         5574    .ARM.Collect$$libshutdown$$00000010  c_w.l(libshutdown2.o)
    0x08000186   0x00000000   Code   RO         5381    .ARM.Collect$$rtentry$$00000000  c_w.l(__rtentry.o)
    0x08000186   0x00000000   Code   RO         5446    .ARM.Collect$$rtentry$$00000002  c_w.l(__rtentry2.o)
    0x08000186   0x00000006   Code   RO         5458    .ARM.Collect$$rtentry$$00000004  c_w.l(__rtentry4.o)
    0x0800018c   0x00000000   Code   RO         5448    .ARM.Collect$$rtentry$$00000009  c_w.l(__rtentry2.o)
    0x0800018c   0x00000004   Code   RO         5449    .ARM.Collect$$rtentry$$0000000A  c_w.l(__rtentry2.o)
    0x08000190   0x00000000   Code   RO         5451    .ARM.Collect$$rtentry$$0000000C  c_w.l(__rtentry2.o)
    0x08000190   0x00000008   Code   RO         5452    .ARM.Collect$$rtentry$$0000000D  c_w.l(__rtentry2.o)
    0x08000198   0x00000002   Code   RO         5528    .ARM.Collect$$rtexit$$00000000  c_w.l(rtexit.o)
    0x0800019a   0x00000000   Code   RO         5538    .ARM.Collect$$rtexit$$00000002  c_w.l(rtexit2.o)
    0x0800019a   0x00000004   Code   RO         5539    .ARM.Collect$$rtexit$$00000003  c_w.l(rtexit2.o)
    0x0800019e   0x00000006   Code   RO         5540    .ARM.Collect$$rtexit$$00000004  c_w.l(rtexit2.o)
    0x080001a4   0x00000034   Code   RO         5350    .emb_text           c_w.l(rand.o)
    0x080001d8   0x00000040   Code   RO           20    .text               startup_stm32f10x_md.o
    0x08000218   0x00000002   Code   RO         5314    .text               c_w.l(use_no_semi_2.o)
    0x0800021a   0x00000002   PAD
    0x0800021c   0x00000018   Code   RO         5320    .text               c_w.l(noretval__2printf.o)
    0x08000234   0x00000028   Code   RO         5322    .text               c_w.l(noretval__2sprintf.o)
    0x0800025c   0x0000004e   Code   RO         5326    .text               c_w.l(_printf_pad.o)
    0x080002aa   0x0000010e   Code   RO         5336    .text               c_w.l(__printf_wp.o)
    0x080003b8   0x0000003c   Code   RO         5351    .text               c_w.l(rand.o)
    0x080003f4   0x0000004e   Code   RO         5357    .text               c_w.l(rt_memclr_w.o)
    0x08000442   0x00000006   Code   RO         5359    .text               c_w.l(heapauxi.o)
    0x08000448   0x00000002   Code   RO         5379    .text               c_w.l(use_no_semi.o)
    0x0800044a   0x0000041a   Code   RO         5382    .text               c_w.l(_printf_fp_dec.o)
    0x08000864   0x00000030   Code   RO         5384    .text               c_w.l(_printf_char_common.o)
    0x08000894   0x0000000a   Code   RO         5386    .text               c_w.l(_sputc.o)
    0x0800089e   0x00000002   PAD
    0x080008a0   0x00000024   Code   RO         5388    .text               c_w.l(_printf_char_file.o)
    0x080008c4   0x00000008   Code   RO         5463    .text               c_w.l(rt_locale_intlibspace.o)
    0x080008cc   0x0000008a   Code   RO         5465    .text               c_w.l(lludiv10.o)
    0x08000956   0x00000002   PAD
    0x08000958   0x00000080   Code   RO         5467    .text               c_w.l(_printf_fp_infnan.o)
    0x080009d8   0x000000dc   Code   RO         5471    .text               c_w.l(bigflt0.o)
    0x08000ab4   0x00000008   Code   RO         5507    .text               c_w.l(libspace.o)
    0x08000abc   0x0000004a   Code   RO         5510    .text               c_w.l(sys_stackheap_outer.o)
    0x08000b06   0x00000012   Code   RO         5512    .text               c_w.l(exit.o)
    0x08000b18   0x00000080   Code   RO         5514    .text               c_w.l(strcmpv7m.o)
    0x08000b98   0x0000003e   Code   RO         5474    CL$$btod_d2e        c_w.l(btod.o)
    0x08000bd6   0x00000046   Code   RO         5476    CL$$btod_d2e_denorm_low  c_w.l(btod.o)
    0x08000c1c   0x00000060   Code   RO         5475    CL$$btod_d2e_norm_op1  c_w.l(btod.o)
    0x08000c7c   0x00000338   Code   RO         5484    CL$$btod_div_common  c_w.l(btod.o)
    0x08000fb4   0x000000c6   Code   RO         5481    CL$$btod_e2e        c_w.l(btod.o)
    0x0800107a   0x00000028   Code   RO         5478    CL$$btod_ediv       c_w.l(btod.o)
    0x080010a2   0x00000028   Code   RO         5477    CL$$btod_emul       c_w.l(btod.o)
    0x080010ca   0x00000244   Code   RO         5483    CL$$btod_mult_common  c_w.l(btod.o)
    0x0800130e   0x00000002   Code   RO         1313    i.BusFault_Handler  stm32f10x_it.o
    0x08001310   0x0000004e   Code   RO         1237    i.Clock_Init        main.o
    0x0800135e   0x00000002   PAD
    0x08001360   0x000000cc   Code   RO          865    i.DMA1_Channel6_IRQHandler  oled.o
    0x0800142c   0x00000018   Code   RO           95    i.DMA_ClearFlag     stm32f10x_dma.o
    0x08001444   0x0000001a   Code   RO           97    i.DMA_Cmd           stm32f10x_dma.o
    0x0800145e   0x00000002   PAD
    0x08001460   0x000000f8   Code   RO           98    i.DMA_DeInit        stm32f10x_dma.o
    0x08001558   0x00000024   Code   RO          101    i.DMA_GetITStatus   stm32f10x_dma.o
    0x0800157c   0x00000014   Code   RO          102    i.DMA_ITConfig      stm32f10x_dma.o
    0x08001590   0x0000003a   Code   RO          103    i.DMA_Init          stm32f10x_dma.o
    0x080015ca   0x00000002   Code   RO         1314    i.DebugMon_Handler  stm32f10x_it.o
    0x080015cc   0x000000a6   Code   RO          553    i.GPIO_Init         stm32f10x_gpio.o
    0x08001672   0x00000002   PAD
    0x08001674   0x0000005c   Code   RO          555    i.GPIO_PinRemapConfig  stm32f10x_gpio.o
    0x080016d0   0x00000002   Code   RO         1315    i.HardFault_Handler  stm32f10x_it.o
    0x080016d2   0x00000018   Code   RO          664    i.I2C_CheckEvent    stm32f10x_i2c.o
    0x080016ea   0x00000018   Code   RO          667    i.I2C_Cmd           stm32f10x_i2c.o
    0x08001702   0x00000018   Code   RO          668    i.I2C_DMACmd        stm32f10x_i2c.o
    0x0800171a   0x00000018   Code   RO          674    i.I2C_GenerateSTART  stm32f10x_i2c.o
    0x08001732   0x00000018   Code   RO          675    i.I2C_GenerateSTOP  stm32f10x_i2c.o
    0x0800174a   0x00000032   Code   RO          676    i.I2C_GetFlagStatus  stm32f10x_i2c.o
    0x0800177c   0x000000c0   Code   RO          681    i.I2C_Init          stm32f10x_i2c.o
    0x0800183c   0x00000012   Code   RO          688    i.I2C_Send7bitAddress  stm32f10x_i2c.o
    0x0800184e   0x00000004   Code   RO          689    i.I2C_SendData      stm32f10x_i2c.o
    0x08001852   0x00000062   Code   RO         1238    i.Interrpt_Init     main.o
    0x080018b4   0x00000002   Code   RO         1316    i.MemManage_Handler  stm32f10x_it.o
    0x080018b6   0x00000002   Code   RO         1317    i.NMI_Handler       stm32f10x_it.o
    0x080018b8   0x00000064   Code   RO           24    i.NVIC_Init         misc.o
    0x0800191c   0x00000014   Code   RO           25    i.NVIC_PriorityGroupConfig  misc.o
    0x08001930   0x00000020   Code   RO         1239    i.NVIC_SetPriority  main.o
    0x08001950   0x000000b4   Code   RO          866    i.OLED_CNZH_Example  oled.o
    0x08001a04   0x0000002a   Code   RO          867    i.OLED_Clear        oled.o
    0x08001a2e   0x00000002   PAD
    0x08001a30   0x00000010   Code   RO          868    i.OLED_Clear_Gram   oled.o
    0x08001a40   0x00000010   Code   RO          869    i.OLED_Continuous_Refresh_Start  oled.o
    0x08001a50   0x00000050   Code   RO          871    i.OLED_DMAConfig    oled.o
    0x08001aa0   0x000000e0   Code   RO          874    i.OLED_DrawASCIIChar  oled.o
    0x08001b80   0x00000074   Code   RO          875    i.OLED_DrawByte     oled.o
    0x08001bf4   0x000000cc   Code   RO          876    i.OLED_DrawCNZHString  oled.o
    0x08001cc0   0x00000040   Code   RO          877    i.OLED_DrawPoint    oled.o
    0x08001d00   0x0000008a   Code   RO          878    i.OLED_DrawString   oled.o
    0x08001d8a   0x00000002   PAD
    0x08001d8c   0x00000074   Code   RO          879    i.OLED_Example_Loop  oled.o
    0x08001e00   0x00000138   Code   RO          880    i.OLED_Frame_Example  oled.o
    0x08001f38   0x00000088   Code   RO          882    i.OLED_Init         oled.o
    0x08001fc0   0x00000144   Code   RO          883    i.OLED_Refresh_Gram  oled.o
    0x08002104   0x00000032   Code   RO          886    i.OLED_SetPos       oled.o
    0x08002136   0x00000002   PAD
    0x08002138   0x00000098   Code   RO          890    i.OLED_Simulated_Noise_Example  oled.o
    0x080021d0   0x000000ec   Code   RO          891    i.OLED_U8G2_Draw_Example  oled.o
    0x080022bc   0x00000044   Code   RO          892    i.OLED_U8G2_Init    oled.o
    0x08002300   0x00000104   Code   RO          893    i.OLED_send_cmd     oled.o
    0x08002404   0x00000104   Code   RO          894    i.OLED_send_data    oled.o
    0x08002508   0x00000004   Code   RO          895    i.OLED_u8x8_empty_cb  oled.o
    0x0800250c   0x00000002   Code   RO         1318    i.PendSV_Handler    stm32f10x_it.o
    0x0800250e   0x00000002   PAD
    0x08002510   0x0000001c   Code   RO          168    i.RCC_AHBPeriphClockCmd  stm32f10x_rcc.o
    0x0800252c   0x0000001c   Code   RO          169    i.RCC_APB1PeriphClockCmd  stm32f10x_rcc.o
    0x08002548   0x0000001c   Code   RO          171    i.RCC_APB2PeriphClockCmd  stm32f10x_rcc.o
    0x08002564   0x000000ac   Code   RO          179    i.RCC_GetClocksFreq  stm32f10x_rcc.o
    0x08002610   0x00000002   Code   RO         1319    i.SVC_Handler       stm32f10x_it.o
    0x08002612   0x00000004   Code   RO         1279    i.SetSysClock       system_stm32f10x.o
    0x08002616   0x00000002   PAD
    0x08002618   0x000000b0   Code   RO         1280    i.SetSysClockTo72   system_stm32f10x.o
    0x080026c8   0x00000010   Code   RO         1171    i.SysTick_Handler   ctrl.o
    0x080026d8   0x00000050   Code   RO         1282    i.SystemInit        system_stm32f10x.o
    0x08002728   0x0000007c   Code   RO         1096    i.UART1_Init        uart.o
    0x080027a4   0x0000007c   Code   RO         1097    i.UART3_Init        uart.o
    0x08002820   0x00000048   Code   RO         1098    i.USART1_IRQHandler  uart.o
    0x08002868   0x00000048   Code   RO         1099    i.USART3_IRQHandler  uart.o
    0x080028b0   0x00000010   Code   RO          368    i.USART_ClearITPendingBit  stm32f10x_usart.o
    0x080028c0   0x00000018   Code   RO          371    i.USART_Cmd         stm32f10x_usart.o
    0x080028d8   0x00000040   Code   RO          375    i.USART_GetITStatus  stm32f10x_usart.o
    0x08002918   0x00000036   Code   RO          377    i.USART_ITConfig    stm32f10x_usart.o
    0x0800294e   0x00000002   PAD
    0x08002950   0x000000bc   Code   RO          378    i.USART_Init        stm32f10x_usart.o
    0x08002a0c   0x00000008   Code   RO          385    i.USART_ReceiveData  stm32f10x_usart.o
    0x08002a14   0x00000002   Code   RO         1320    i.UsageFault_Handler  stm32f10x_it.o
    0x08002a16   0x00000028   Code   RO         5505    i.__ARM_fpclassify  m_ws.l(fpclassify.o)
    0x08002a3e   0x0000000e   Code   RO         5338    i._is_digit         c_w.l(__printf_wp.o)
    0x08002a4c   0x00000002   Code   RO         1100    i._sys_exit         uart.o
    0x08002a4e   0x00000006   Code   RO         1102    i.ferror            uart.o
    0x08002a54   0x00000018   Code   RO         1104    i.fputc             uart.o
    0x08002a6c   0x000000e4   Code   RO         1240    i.main              main.o
    0x08002b50   0x00000060   Code   RO         1640    i.u8g2_DrawGlyph    u8g2_font.o
    0x08002bb0   0x0000000c   Code   RO         3921    i.u8g2_DrawHLine    u8g2_hvline.o
    0x08002bbc   0x000000ae   Code   RO         3922    i.u8g2_DrawHVLine   u8g2_hvline.o
    0x08002c6a   0x00000002   PAD
    0x08002c6c   0x00000010   Code   RO         1642    i.u8g2_DrawStr      u8g2_font.o
    0x08002c7c   0x0000000c   Code   RO         3924    i.u8g2_DrawVLine    u8g2_hvline.o
    0x08002c88   0x0000002e   Code   RO         3983    i.u8g2_IsIntersection  u8g2_intersection.o
    0x08002cb6   0x00000020   Code   RO         1659    i.u8g2_SetFont      u8g2_font.o
    0x08002cd6   0x00000006   Code   RO         1660    i.u8g2_SetFontDirection  u8g2_font.o
    0x08002cdc   0x00000006   Code   RO         1661    i.u8g2_SetFontMode  u8g2_font.o
    0x08002ce2   0x00000002   PAD
    0x08002ce4   0x0000000c   Code   RO         1662    i.u8g2_SetFontPosBaseline  u8g2_font.o
    0x08002cf0   0x00000018   Code   RO         4198    i.u8g2_SetMaxClipWindow  u8g2_setup.o
    0x08002d08   0x00000046   Code   RO         4199    i.u8g2_SetupBuffer  u8g2_setup.o
    0x08002d4e   0x00000056   Code   RO         1669    i.u8g2_UpdateRefHeight  u8g2_font.o
    0x08002da4   0x00000024   Code   RO         1670    i.u8g2_add_vector_x  u8g2_font.o
    0x08002dc8   0x00000024   Code   RO         1671    i.u8g2_add_vector_y  u8g2_font.o
    0x08002dec   0x0000006a   Code   RO         4201    i.u8g2_apply_clip_window  u8g2_setup.o
    0x08002e56   0x00000040   Code   RO         3926    i.u8g2_clip_intersection2  u8g2_hvline.o
    0x08002e96   0x00000012   Code   RO         3927    i.u8g2_draw_hv_line_2dir  u8g2_hvline.o
    0x08002ea8   0x0000000c   Code   RO         4203    i.u8g2_draw_l90_r0  u8g2_setup.o
    0x08002eb4   0x00000072   Code   RO         1672    i.u8g2_draw_string  u8g2_font.o
    0x08002f26   0x00000004   Code   RO         1679    i.u8g2_font_calc_vref_font  u8g2_font.o
    0x08002f2a   0x00000016   Code   RO         1681    i.u8g2_font_decode_get_signed_bits  u8g2_font.o
    0x08002f40   0x00000034   Code   RO         1682    i.u8g2_font_decode_get_unsigned_bits  u8g2_font.o
    0x08002f74   0x00000138   Code   RO         1683    i.u8g2_font_decode_glyph  u8g2_font.o
    0x080030ac   0x0000009c   Code   RO         1684    i.u8g2_font_decode_len  u8g2_font.o
    0x08003148   0x00000026   Code   RO         1685    i.u8g2_font_draw_glyph  u8g2_font.o
    0x0800316e   0x00000006   Code   RO         1686    i.u8g2_font_get_byte  u8g2_font.o
    0x08003174   0x00000078   Code   RO         1687    i.u8g2_font_get_glyph_data  u8g2_font.o
    0x080031ec   0x00000014   Code   RO         1688    i.u8g2_font_get_word  u8g2_font.o
    0x08003200   0x00000034   Code   RO         1689    i.u8g2_font_setup_decode  u8g2_font.o
    0x08003234   0x0000002c   Code   RO         3984    i.u8g2_is_intersection_decision_tree  u8g2_intersection.o
    0x08003260   0x00000090   Code   RO         4032    i.u8g2_ll_hvline_vertical_top_lsb  u8g2_ll_hvline.o
    0x080032f0   0x000000d0   Code   RO         1691    i.u8g2_read_font_info  u8g2_font.o
    0x080033c0   0x00000046   Code   RO         4208    i.u8g2_update_dimension_common  u8g2_setup.o
    0x08003406   0x00000004   Code   RO         4209    i.u8g2_update_dimension_r0  u8g2_setup.o
    0x0800340a   0x00000018   Code   RO         4213    i.u8g2_update_page_win_r0  u8g2_setup.o
    0x08003422   0x00000024   Code   RO         5194    i.u8x8_Setup        u8x8_setup.o
    0x08003446   0x00000002   PAD
    0x08003448   0x00000028   Code   RO         5195    i.u8x8_SetupDefaults  u8x8_setup.o
    0x08003470   0x00000010   Code   RO         4896    i.u8x8_SetupMemory  u8x8_display.o
    0x08003480   0x00000010   Code   RO         4355    i.u8x8_ascii_next   u8x8_8x8.o
    0x08003490   0x00000010   Code   RO         4626    i.u8x8_cad_EndTransfer  u8x8_cad.o
    0x080034a0   0x00000010   Code   RO         4627    i.u8x8_cad_SendArg  u8x8_cad.o
    0x080034b0   0x00000010   Code   RO         4628    i.u8x8_cad_SendCmd  u8x8_cad.o
    0x080034c0   0x00000010   Code   RO         4629    i.u8x8_cad_SendData  u8x8_cad.o
    0x080034d0   0x00000064   Code   RO         4631    i.u8x8_cad_SendSequence  u8x8_cad.o
    0x08003534   0x00000010   Code   RO         4632    i.u8x8_cad_StartTransfer  u8x8_cad.o
    0x08003544   0x00000062   Code   RO         4897    i.u8x8_d_helper_display_init  u8x8_display.o
    0x080035a6   0x0000000a   Code   RO         4898    i.u8x8_d_helper_display_setup_memory  u8x8_display.o
    0x080035b0   0x00000044   Code   RO         4812    i.u8x8_d_ssd1306_128x64_noname  u8x8_d_ssd1306_128x64_noname.o
    0x080035f4   0x000000e0   Code   RO         4814    i.u8x8_d_ssd1306_sh1106_generic  u8x8_d_ssd1306_128x64_noname.o
    0x080036d4   0x00000004   Code   RO         5197    i.u8x8_dummy_cb     u8x8_setup.o
    0x080036d8   0x0000000c   Code   RO         5116    i.u8x8_gpio_call    u8x8_gpio.o
    0x080036e4   0x00000008   Code   RO         4364    i.u8x8_utf8_init    u8x8_8x8.o
    0x080036ec   0x0000002c   Code   RO         5497    locale$$code        c_w.l(lc_numeric_c.o)
    0x08003718   0x00000062   Code   RO         5363    x$fpl$d2f           fz_ws.l(d2f.o)
    0x0800377a   0x00000002   PAD
    0x0800377c   0x000002b0   Code   RO         5366    x$fpl$ddiv          fz_ws.l(ddiv.o)
    0x08003a2c   0x0000002e   Code   RO         5370    x$fpl$dflt          fz_ws.l(dflt_clz.o)
    0x08003a5a   0x0000009c   Code   RO         5436    x$fpl$dnaninf       fz_ws.l(dnaninf.o)
    0x08003af6   0x0000000c   Code   RO         5438    x$fpl$dretinf       fz_ws.l(dretinf.o)
    0x08003b02   0x00000002   PAD
    0x08003b04   0x00000056   Code   RO         5375    x$fpl$f2d           fz_ws.l(f2d.o)
    0x08003b5a   0x0000008c   Code   RO         5440    x$fpl$fnaninf       fz_ws.l(fnaninf.o)
    0x08003be6   0x0000000a   Code   RO         5442    x$fpl$fretinf       fz_ws.l(fretinf.o)
    0x08003bf0   0x00000004   Code   RO         5377    x$fpl$printf1       fz_ws.l(printf1.o)
    0x08003bf4   0x00000000   Code   RO         5444    x$fpl$usenofp       fz_ws.l(usenofp.o)
    0x08003bf4   0x00000b67   Data   RO          897    .constdata          oled.o
    0x0800475b   0x000002d3   Data   RO         2001    .constdata          u8g2_fonts.o
    0x08004a2e   0x00002275   Data   RO         3779    .constdata          u8g2_fonts.o
    0x08006ca3   0x00000327   Data   RO         3787    .constdata          u8g2_fonts.o
    0x08006fca   0x00000002   PAD
    0x08006fcc   0x0000000c   Data   RO         4217    .constdata          u8g2_setup.o
    0x08006fd8   0x00000158   Data   RO         4816    .constdata          u8x8_d_ssd1306_128x64_noname.o
    0x08007130   0x00000094   Data   RO         5472    .constdata          c_w.l(bigflt0.o)
    0x080071c4   0x00000020   Data   RO         5591    Region$$Table       anon$$obj.o
    0x080071e4   0x0000001c   Data   RO         5496    locale$$data        c_w.l(lc_numeric_c.o)


    Execution Region RW_IRAM1 (Base: 0x20000000, Size: 0x00001030, Max: 0x00005000, ABSOLUTE)

    Base Addr    Size         Type   Attr      Idx    E Section Name        Object

    0x20000000   0x00000014   Data   RW          199    .data               stm32f10x_rcc.o
    0x20000014   0x00000028   Data   RW          898    .data               oled.o
    0x2000003c   0x0000000c   Data   RW         1107    .data               uart.o
    0x20000048   0x00000004   Data   RW         1108    .data               uart.o
    0x2000004c   0x00000004   Data   RW         1174    .data               ctrl.o
    0x20000050   0x00000004   Data   RW         1175    .data               ctrl.o
    0x20000054   0x00000004   Data   RW         1241    .data               main.o
    0x20000058   0x00000014   Data   RW         1283    .data               system_stm32f10x.o
    0x2000006c   0x00000494   Zero   RW          896    .bss                oled.o
    0x20000500   0x000003e8   Zero   RW         1105    .bss                uart.o
    0x200008e8   0x000000e4   Zero   RW         5352    .bss                c_w.l(rand.o)
    0x200009cc   0x00000060   Zero   RW         5508    .bss                c_w.l(libspace.o)
    0x20000a2c   0x00000004   PAD
    0x20000a30   0x00000200   Zero   RW           18    HEAP                startup_stm32f10x_md.o
    0x20000c30   0x00000400   Zero   RW           17    STACK               startup_stm32f10x_md.o


==============================================================================

Image component sizes


      Code (inc. data)   RO Data    RW Data    ZI Data      Debug   Object Name

         0          0          0          0          0       4532   core_cm3.o
        16          6          0          8          0     204338   ctrl.o
       436         70          0          4          0      17219   main.o
       120         14          0          0          0     245663   misc.o
      3202        346       2919         40       1172     176082   oled.o
        64         26        236          0       1536        796   startup_stm32f10x_md.o
       412         28          0          0          0       5239   stm32f10x_dma.o
       258          6          0          0          0       2774   stm32f10x_gpio.o
       384         10          0          0          0       7123   stm32f10x_i2c.o
        16          0          0          0          0       3356   stm32f10x_it.o
       256         36          0         20          0       5030   stm32f10x_rcc.o
       354          6          0          0          0       5716   stm32f10x_usart.o
       260         26          0         20          0       2105   system_stm32f10x.o
         0          0          0          0          0     159234   u8g2_bitmap.o
      1430         10          0          0          0      14455   u8g2_font.o
         0          0      10351          0          0     145339   u8g2_fonts.o
       280          0          0          0          0       3653   u8g2_hvline.o
        90          0          0          0          0       1539   u8g2_intersection.o
       144          0          0          0          0       1386   u8g2_ll_hvline.o
       310          0         12          0          0     146627   u8g2_setup.o
        24          0          0          0          0        995   u8x8_8x8.o
       180          0          0          0          0       3730   u8x8_cad.o
       292         12        344          0          0       3067   u8x8_d_ssd1306_128x64_noname.o
       124          0          0          0          0       1613   u8x8_display.o
        12          0          0          0          0        557   u8x8_gpio.o
        80          6          0          0          0       1770   u8x8_setup.o
       424         50          0         16       1000       6019   uart.o

    ----------------------------------------------------------------------
      9192        652      13896        108       3708    1169957   Object Totals
         0          0         32          0          0          0   (incl. Generated)
        24          0          2          0          0          0   (incl. Padding)

    ----------------------------------------------------------------------

      Code (inc. data)   RO Data    RW Data    ZI Data      Debug   Library Member Name

         8          0          0          0          0         68   __main.o
       284          0          0          0          0        156   __printf_wp.o
         0          0          0          0          0          0   __rtentry.o
        12          0          0          0          0          0   __rtentry2.o
         6          0          0          0          0          0   __rtentry4.o
        52          8          0          0          0          0   __scatter.o
        26          0          0          0          0          0   __scatter_copy.o
        28          0          0          0          0          0   __scatter_zi.o
        48          6          0          0          0         96   _printf_char_common.o
        36          4          0          0          0         80   _printf_char_file.o
         6          0          0          0          0          0   _printf_f.o
      1050          0          0          0          0        216   _printf_fp_dec.o
       128         16          0          0          0         84   _printf_fp_infnan.o
        78          0          0          0          0        108   _printf_pad.o
         0          0          0          0          0          0   _printf_percent.o
         4          0          0          0          0          0   _printf_percent_end.o
        10          0          0          0          0         68   _sputc.o
       220          4        148          0          0         96   bigflt0.o
      1910        128          0          0          0        672   btod.o
        18          0          0          0          0         80   exit.o
         6          0          0          0          0        152   heapauxi.o
        44         10         28          0          0         76   lc_numeric_c.o
         2          0          0          0          0          0   libinit.o
        22          0          0          0          0          0   libinit2.o
         2          0          0          0          0          0   libshutdown.o
         2          0          0          0          0          0   libshutdown2.o
         8          4          0          0         96         68   libspace.o
       138          0          0          0          0         80   lludiv10.o
        24          4          0          0          0         84   noretval__2printf.o
        40          6          0          0          0         84   noretval__2sprintf.o
       112         18          0          0        228        160   rand.o
         8          4          0          0          0         68   rt_locale_intlibspace.o
        78          0          0          0          0         80   rt_memclr_w.o
         2          0          0          0          0          0   rtexit.o
        10          0          0          0          0          0   rtexit2.o
       128          0          0          0          0         68   strcmpv7m.o
        74          0          0          0          0         80   sys_stackheap_outer.o
         2          0          0          0          0         68   use_no_semi.o
         2          0          0          0          0         68   use_no_semi_2.o
        98          4          0          0          0         92   d2f.o
       688        140          0          0          0        208   ddiv.o
        46          0          0          0          0         68   dflt_clz.o
       156          4          0          0          0         92   dnaninf.o
        12          0          0          0          0         68   dretinf.o
        86          4          0          0          0         84   f2d.o
       140          4          0          0          0         84   fnaninf.o
        10          0          0          0          0         68   fretinf.o
         4          0          0          0          0         68   printf1.o
         0          0          0          0          0          0   usenofp.o
        40          0          0          0          0         68   fpclassify.o

    ----------------------------------------------------------------------
      5920        368        176          0        328       3760   Library Totals
        12          0          0          0          4          0   (incl. Padding)

    ----------------------------------------------------------------------

      Code (inc. data)   RO Data    RW Data    ZI Data      Debug   Library Name

      4628        212        176          0        324       2860   c_w.l
      1240        156          0          0          0        832   fz_ws.l
        40          0          0          0          0         68   m_ws.l

    ----------------------------------------------------------------------
      5920        368        176          0        328       3760   Library Totals

    ----------------------------------------------------------------------

==============================================================================


      Code (inc. data)   RO Data    RW Data    ZI Data      Debug   

     15112       1020      14072        108       4036    1165289   Grand Totals
     15112       1020      14072        108       4036    1165289   ELF Image Totals
     15112       1020      14072        108          0          0   ROM Totals

==============================================================================

    Total RO  Size (Code + RO Data)                29184 (  28.50kB)
    Total RW  Size (RW Data + ZI Data)              4144 (   4.05kB)
    Total ROM Size (Code + RO Data + RW Data)      29292 (  28.61kB)

==============================================================================

